../Core/Src/main.c:98:5:main	17
../Core/Src/main.c:318:6:SystemClock_Config	4
../Core/Src/main.c:382:13:MX_ADC1_Init	6
../Core/Src/main.c:472:13:MX_DAC1_Init	4
../Core/Src/main.c:522:13:MX_DAC2_Init	3
../Core/Src/main.c:565:13:MX_FDCAN2_Init	2
../Core/Src/main.c:618:13:MX_IWDG1_Init	2
../Core/Src/main.c:645:13:MX_DMA_Init	1
../Core/Src/main.c:663:13:MX_GPIO_Init	1
../Core/Src/main.c:733:6:HAL_FDCAN_RxFifo0Callback	6
../Core/Src/main.c:769:6:MPU_Config	1
../Core/Src/main.c:801:6:BSP_PB_Callback	2
../Core/Src/main.c:813:6:Error_Handler	1
