../Core/Src/main.c:98:5:main	64	static
../Core/Src/main.c:318:6:SystemClock_Config	120	static
../Core/Src/main.c:382:13:MX_ADC1_Init	48	static
../Core/Src/main.c:472:13:MX_DAC1_Init	48	static
../Core/Src/main.c:522:13:MX_DAC2_Init	48	static
../Core/Src/main.c:565:13:MX_FDCAN2_Init	8	static
../Core/Src/main.c:618:13:MX_IWDG1_Init	8	static
../Core/Src/main.c:645:13:MX_DMA_Init	16	static
../Core/Src/main.c:663:13:MX_GPIO_Init	56	static
../Core/Src/main.c:733:6:HAL_FDCAN_RxFifo0Callback	24	static
../Core/Src/main.c:769:6:MPU_Config	24	static
../Core/Src/main.c:801:6:BSP_PB_Callback	16	static
../Core/Src/main.c:813:6:Error_Handler	4	static,ignoring_inline_asm
