../Core/Src/main.c:139:6:Send_BMS_Request	8	static
../Core/Src/main.c:159:6:Send_Inverter_State	16	static
../Core/Src/main.c:194:5:main	88	static
../Core/Src/main.c:461:6:SystemClock_Config	72	static
../Core/Src/main.c:500:13:MX_CAN_Init	8	static
../Core/Src/main.c:537:13:MX_TIM3_Init	32	static
../Core/Src/main.c:582:13:MX_USART1_UART_Init	8	static
../Core/Src/main.c:615:13:MX_USART2_UART_Init	8	static
../Core/Src/main.c:646:13:MX_DMA_Init	16	static
../Core/Src/main.c:664:13:MX_GPIO_Init	40	static
../Core/Src/main.c:751:6:HAL_CAN_RxFifo0MsgPendingCallback	48	static
../Core/Src/main.c:836:6:HAL_TIM_PeriodElapsedCallback	16	static
../Core/Src/main.c:912:6:HAL_UART_TxCpltCallback	16	static
../Core/Src/main.c:923:6:Error_Handler	4	static,ignoring_inline_asm
