../Core/Src/main.c:133:6:Send_BMS_Request	1
../Core/Src/main.c:152:6:Send_Inverter_State	8
../Core/Src/main.c:192:5:main	42
../Core/Src/main.c:493:6:SystemClock_Config	3
../Core/Src/main.c:529:13:MX_CAN_Init	2
../Core/Src/main.c:564:13:MX_TIM3_Init	4
../Core/Src/main.c:606:13:MX_USART1_UART_Init	2
../Core/Src/main.c:637:13:MX_USART2_UART_Init	2
../Core/Src/main.c:666:13:MX_DMA_Init	1
../Core/Src/main.c:683:13:MX_GPIO_Init	1
../Core/Src/main.c:778:6:HAL_CAN_RxFifo0MsgPendingCallback	10
../Core/Src/main.c:862:6:HAL_TIM_PeriodElapsedCallback	17
../Core/Src/main.c:948:6:HAL_UART_TxCpltCallback	2
../Core/Src/main.c:959:6:Error_Handler	1
