Archive member included to satisfy reference by file (symbol)

C:/ST/STM32CubeIDE_1.17.0/STM32CubeIDE/plugins/com.st.stm32cube.ide.mcu.externaltools.gnu-tools-for-stm32.12.3.rel1.win32_1.1.0.202410251130/tools/bin/../lib/gcc/arm-none-eabi/12.3.1/../../../../arm-none-eabi/lib/thumb/v7-m/nofp\libc_nano.a(libc_a-exit.o)
                              C:/ST/STM32CubeIDE_1.17.0/STM32CubeIDE/plugins/com.st.stm32cube.ide.mcu.externaltools.gnu-tools-for-stm32.12.3.rel1.win32_1.1.0.202410251130/tools/bin/../lib/gcc/arm-none-eabi/12.3.1/../../../../arm-none-eabi/lib/thumb/v7-m/nofp/crt0.o (exit)
C:/ST/STM32CubeIDE_1.17.0/STM32CubeIDE/plugins/com.st.stm32cube.ide.mcu.externaltools.gnu-tools-for-stm32.12.3.rel1.win32_1.1.0.202410251130/tools/bin/../lib/gcc/arm-none-eabi/12.3.1/../../../../arm-none-eabi/lib/thumb/v7-m/nofp\libc_nano.a(libc_a-findfp.o)
                              C:/ST/STM32CubeIDE_1.17.0/STM32CubeIDE/plugins/com.st.stm32cube.ide.mcu.externaltools.gnu-tools-for-stm32.12.3.rel1.win32_1.1.0.202410251130/tools/bin/../lib/gcc/arm-none-eabi/12.3.1/../../../../arm-none-eabi/lib/thumb/v7-m/nofp\libc_nano.a(libc_a-exit.o) (__stdio_exit_handler)
C:/ST/STM32CubeIDE_1.17.0/STM32CubeIDE/plugins/com.st.stm32cube.ide.mcu.externaltools.gnu-tools-for-stm32.12.3.rel1.win32_1.1.0.202410251130/tools/bin/../lib/gcc/arm-none-eabi/12.3.1/../../../../arm-none-eabi/lib/thumb/v7-m/nofp\libc_nano.a(libc_a-fwalk.o)
                              C:/ST/STM32CubeIDE_1.17.0/STM32CubeIDE/plugins/com.st.stm32cube.ide.mcu.externaltools.gnu-tools-for-stm32.12.3.rel1.win32_1.1.0.202410251130/tools/bin/../lib/gcc/arm-none-eabi/12.3.1/../../../../arm-none-eabi/lib/thumb/v7-m/nofp\libc_nano.a(libc_a-findfp.o) (_fwalk_sglue)
C:/ST/STM32CubeIDE_1.17.0/STM32CubeIDE/plugins/com.st.stm32cube.ide.mcu.externaltools.gnu-tools-for-stm32.12.3.rel1.win32_1.1.0.202410251130/tools/bin/../lib/gcc/arm-none-eabi/12.3.1/../../../../arm-none-eabi/lib/thumb/v7-m/nofp\libc_nano.a(libc_a-stdio.o)
                              C:/ST/STM32CubeIDE_1.17.0/STM32CubeIDE/plugins/com.st.stm32cube.ide.mcu.externaltools.gnu-tools-for-stm32.12.3.rel1.win32_1.1.0.202410251130/tools/bin/../lib/gcc/arm-none-eabi/12.3.1/../../../../arm-none-eabi/lib/thumb/v7-m/nofp\libc_nano.a(libc_a-findfp.o) (__sread)
C:/ST/STM32CubeIDE_1.17.0/STM32CubeIDE/plugins/com.st.stm32cube.ide.mcu.externaltools.gnu-tools-for-stm32.12.3.rel1.win32_1.1.0.202410251130/tools/bin/../lib/gcc/arm-none-eabi/12.3.1/../../../../arm-none-eabi/lib/thumb/v7-m/nofp\libc_nano.a(libc_a-memset.o)
                              C:/ST/STM32CubeIDE_1.17.0/STM32CubeIDE/plugins/com.st.stm32cube.ide.mcu.externaltools.gnu-tools-for-stm32.12.3.rel1.win32_1.1.0.202410251130/tools/bin/../lib/gcc/arm-none-eabi/12.3.1/../../../../arm-none-eabi/lib/thumb/v7-m/nofp/crt0.o (memset)
C:/ST/STM32CubeIDE_1.17.0/STM32CubeIDE/plugins/com.st.stm32cube.ide.mcu.externaltools.gnu-tools-for-stm32.12.3.rel1.win32_1.1.0.202410251130/tools/bin/../lib/gcc/arm-none-eabi/12.3.1/../../../../arm-none-eabi/lib/thumb/v7-m/nofp\libc_nano.a(libc_a-closer.o)
                              C:/ST/STM32CubeIDE_1.17.0/STM32CubeIDE/plugins/com.st.stm32cube.ide.mcu.externaltools.gnu-tools-for-stm32.12.3.rel1.win32_1.1.0.202410251130/tools/bin/../lib/gcc/arm-none-eabi/12.3.1/../../../../arm-none-eabi/lib/thumb/v7-m/nofp\libc_nano.a(libc_a-stdio.o) (_close_r)
C:/ST/STM32CubeIDE_1.17.0/STM32CubeIDE/plugins/com.st.stm32cube.ide.mcu.externaltools.gnu-tools-for-stm32.12.3.rel1.win32_1.1.0.202410251130/tools/bin/../lib/gcc/arm-none-eabi/12.3.1/../../../../arm-none-eabi/lib/thumb/v7-m/nofp\libc_nano.a(libc_a-reent.o)
                              C:/ST/STM32CubeIDE_1.17.0/STM32CubeIDE/plugins/com.st.stm32cube.ide.mcu.externaltools.gnu-tools-for-stm32.12.3.rel1.win32_1.1.0.202410251130/tools/bin/../lib/gcc/arm-none-eabi/12.3.1/../../../../arm-none-eabi/lib/thumb/v7-m/nofp\libc_nano.a(libc_a-closer.o) (errno)
C:/ST/STM32CubeIDE_1.17.0/STM32CubeIDE/plugins/com.st.stm32cube.ide.mcu.externaltools.gnu-tools-for-stm32.12.3.rel1.win32_1.1.0.202410251130/tools/bin/../lib/gcc/arm-none-eabi/12.3.1/../../../../arm-none-eabi/lib/thumb/v7-m/nofp\libc_nano.a(libc_a-impure.o)
                              C:/ST/STM32CubeIDE_1.17.0/STM32CubeIDE/plugins/com.st.stm32cube.ide.mcu.externaltools.gnu-tools-for-stm32.12.3.rel1.win32_1.1.0.202410251130/tools/bin/../lib/gcc/arm-none-eabi/12.3.1/../../../../arm-none-eabi/lib/thumb/v7-m/nofp\libc_nano.a(libc_a-reent.o) (_impure_ptr)
C:/ST/STM32CubeIDE_1.17.0/STM32CubeIDE/plugins/com.st.stm32cube.ide.mcu.externaltools.gnu-tools-for-stm32.12.3.rel1.win32_1.1.0.202410251130/tools/bin/../lib/gcc/arm-none-eabi/12.3.1/../../../../arm-none-eabi/lib/thumb/v7-m/nofp\libc_nano.a(libc_a-lseekr.o)
[...]
Memory Configuration

Name             Origin             Length             Attributes
RAM              0x20000000         0x00005000         xrw
FLASH            0x08000000         0x00020000         xr
*default*        0x00000000         0xffffffff

Linker script and memory map

LOAD C:/ST/STM32CubeIDE_1.17.0/STM32CubeIDE/plugins/com.st.stm32cube.ide.mcu.externaltools.gnu-tools-for-stm32.12.3.rel1.win32_1.1.0.202410251130/tools/bin/../lib/gcc/arm-none-eabi/12.3.1/thumb/v7-m/nofp/crti.o
LOAD C:/ST/STM32CubeIDE_1.17.0/STM32CubeIDE/plugins/com.st.stm32cube.ide.mcu.externaltools.gnu-tools-for-stm32.12.3.rel1.win32_1.1.0.202410251130/tools/bin/../lib/gcc/arm-none-eabi/12.3.1/thumb/v7-m/nofp/crtbegin.o
LOAD C:/ST/STM32CubeIDE_1.17.0/STM32CubeIDE/plugins/com.st.stm32cube.ide.mcu.externaltools.gnu-tools-for-stm32.12.3.rel1.win32_1.1.0.202410251130/tools/bin/../lib/gcc/arm-none-eabi/12.3.1/../../../../arm-none-eabi/lib/thumb/v7-m/nofp/crt0.o
LOAD ./Core/Src/display_utils.o
LOAD ./Core/Src/main.o
LOAD ./Core/Src/stm32f1xx_hal_msp.o
LOAD ./Core/Src/stm32f1xx_it.o
LOAD ./Core/Src/syscalls.o
LOAD ./Core/Src/sysmem.o
LOAD ./Core/Src/system_stm32f1xx.o
LOAD ./Core/Startup/startup_stm32f103rbtx.o
LOAD ./Drivers/STM32F1xx_HAL_Driver/Src/stm32f1xx_hal.o
LOAD ./Drivers/STM32F1xx_HAL_Driver/Src/stm32f1xx_hal_can.o
LOAD ./Drivers/STM32F1xx_HAL_Driver/Src/stm32f1xx_hal_cortex.o
LOAD ./Drivers/STM32F1xx_HAL_Driver/Src/stm32f1xx_hal_dma.o
LOAD ./Drivers/STM32F1xx_HAL_Driver/Src/stm32f1xx_hal_exti.o
LOAD ./Drivers/STM32F1xx_HAL_Driver/Src/stm32f1xx_hal_flash.o
LOAD ./Drivers/STM32F1xx_HAL_Driver/Src/stm32f1xx_hal_flash_ex.o
LOAD ./Drivers/STM32F1xx_HAL_Driver/Src/stm32f1xx_hal_gpio.o
LOAD ./Drivers/STM32F1xx_HAL_Driver/Src/stm32f1xx_hal_gpio_ex.o
LOAD ./Drivers/STM32F1xx_HAL_Driver/Src/stm32f1xx_hal_pwr.o
LOAD ./Drivers/STM32F1xx_HAL_Driver/Src/stm32f1xx_hal_rcc.o
LOAD ./Drivers/STM32F1xx_HAL_Driver/Src/stm32f1xx_hal_rcc_ex.o
LOAD ./Drivers/STM32F1xx_HAL_Driver/Src/stm32f1xx_hal_tim.o
LOAD ./Drivers/STM32F1xx_HAL_Driver/Src/stm32f1xx_hal_tim_ex.o
LOAD ./Drivers/STM32F1xx_HAL_Driver/Src/stm32f1xx_hal_uart.o
START GROUP
LOAD C:/ST/STM32CubeIDE_1.17.0/STM32CubeIDE/plugins/com.st.stm32cube.ide.mcu.externaltools.gnu-tools-for-stm32.12.3.rel1.win32_1.1.0.202410251130/tools/bin/../lib/gcc/arm-none-eabi/12.3.1/../../../../arm-none-eabi/lib/thumb/v7-m/nofp\libc_nano.a
LOAD C:/ST/STM32CubeIDE_1.17.0/STM32CubeIDE/plugins/com.st.stm32cube.ide.mcu.externaltools.gnu-tools-for-stm32.12.3.rel1.win32_1.1.0.202410251130/tools/bin/../lib/gcc/arm-none-eabi/12.3.1/../../../../arm-none-eabi/lib/thumb/v7-m/nofp\libm.a
END GROUP
START GROUP
LOAD C:/ST/STM32CubeIDE_1.17.0/STM32CubeIDE/plugins/com.st.stm32cube.ide.mcu.externaltools.gnu-tools-for-stm32.12.3.rel1.win32_1.1.0.202410251130/tools/bin/../lib/gcc/arm-none-eabi/12.3.1/thumb/v7-m/nofp\libgcc.a
LOAD C:/ST/STM32CubeIDE_1.17.0/STM32CubeIDE/plugins/com.st.stm32cube.ide.mcu.externaltools.gnu-tools-for-stm32.12.3.rel1.win32_1.1.0.202410251130/tools/bin/../lib/gcc/arm-none-eabi/12.3.1/../../../../arm-none-eabi/lib/thumb/v7-m/nofp\libc_nano.a
END GROUP
START GROUP
LOAD C:/ST/STM32CubeIDE_1.17.0/STM32CubeIDE/plugins/com.st.stm32cube.ide.mcu.externaltools.gnu-tools-for-stm32.12.3.rel1.win32_1.1.0.202410251130/tools/bin/../lib/gcc/arm-none-eabi/12.3.1/thumb/v7-m/nofp\libgcc.a
LOAD C:/ST/STM32CubeIDE_1.17.0/STM32CubeIDE/plugins/com.st.stm32cube.ide.mcu.externaltools.gnu-tools-for-stm32.12.3.rel1.win32_1.1.0.202410251130/tools/bin/../lib/gcc/arm-none-eabi/12.3.1/../../../../arm-none-eabi/lib/thumb/v7-m/nofp\libc_nano.a
LOAD C:/ST/STM32CubeIDE_1.17.0/STM32CubeIDE/plugins/com.st.stm32cube.ide.mcu.externaltools.gnu-tools-for-stm32.12.3.rel1.win32_1.1.0.202410251130/tools/bin/../lib/gcc/arm-none-eabi/12.3.1/../../../../arm-none-eabi/lib/thumb/v7-m/nofp\libnosys.a
END GROUP
START GROUP
LOAD C:/ST/STM32CubeIDE_1.17.0/STM32CubeIDE/plugins/com.st.stm32cube.ide.mcu.externaltools.gnu-tools-for-stm32.12.3.rel1.win32_1.1.0.202410251130/tools/bin/../lib/gcc/arm-none-eabi/12.3.1/thumb/v7-m/nofp\libgcc.a
LOAD C:/ST/STM32CubeIDE_1.17.0/STM32CubeIDE/plugins/com.st.stm32cube.ide.mcu.externaltools.gnu-tools-for-stm32.12.3.rel1.win32_1.1.0.202410251130/tools/bin/../lib/gcc/arm-none-eabi/12.3.1/../../../../arm-none-eabi/lib/thumb/v7-m/nofp\libc_nano.a
LOAD C:/ST/STM32CubeIDE_1.17.0/STM32CubeIDE/plugins/com.st.stm32cube.ide.mcu.externaltools.gnu-tools-for-stm32.12.3.rel1.win32_1.1.0.202410251130/tools/bin/../lib/gcc/arm-none-eabi/12.3.1/../../../../arm-none-eabi/lib/thumb/v7-m/nofp\libnosys.a
END GROUP
LOAD C:/ST/STM32CubeIDE_1.17.0/STM32CubeIDE/plugins/com.st.stm32cube.ide.mcu.externaltools.gnu-tools-for-stm32.12.3.rel1.win32_1.1.0.202410251130/tools/bin/../lib/gcc/arm-none-eabi/12.3.1/thumb/v7-m/nofp/crtend.o
LOAD C:/ST/STM32CubeIDE_1.17.0/STM32CubeIDE/plugins/com.st.stm32cube.ide.mcu.externaltools.gnu-tools-for-stm32.12.3.rel1.win32_1.1.0.202410251130/tools/bin/../lib/gcc/arm-none-eabi/12.3.1/thumb/v7-m/nofp/crtn.o
                0x20005000                        _estack = (ORIGIN (RAM) + LENGTH (RAM))
                0x00000200                        _Min_Heap_Size = 0x200
                0x00000400                        _Min_Stack_Size = 0x400

.isr_vector     0x08000000      0x10c
                0x08000000                        . = ALIGN (0x4)
 *(.isr_vector)
 .isr_vector    0x08000000      0x10c ./Core/Startup/startup_stm32f103rbtx.o
                0x08000000                g_pfnVectors
                0x0800010c                        . = ALIGN (0x4)

.text           0x0800010c     0x5c3c
                0x0800010c                        . = ALIGN (0x4)
 *(.text)
 .text          0x0800010c       0x40 C:/ST/STM32CubeIDE_1.17.0/STM32CubeIDE/plugins/com.st.stm32cube.ide.mcu.externaltools.gnu-tools-for-stm32.12.3.rel1.win32_1.1.0.202410251130/tools/bin/../lib/gcc/arm-none-eabi/12.3.1/thumb/v7-m/nofp/crtbegin.o
 .text          0x0800014c      0x21c C:/ST/STM32CubeIDE_1.17.0/STM32CubeIDE/plugins/com.st.stm32cube.ide.mcu.externaltools.gnu-tools-for-stm32.12.3.rel1.win32_1.1.0.202410251130/tools/bin/../lib/gcc/arm-none-eabi/12.3.1/thumb/v7-m/nofp\libgcc.a(_arm_addsubsf3.o)
                0x0800014c                __aeabi_frsub
                0x08000154                __subsf3
                0x08000154                __aeabi_fsub
                0x08000158                __aeabi_fadd
                0x08000158                __addsf3
                0x080002b8                __aeabi_ui2f
                0x080002b8                __floatunsisf
                0x080002c0                __aeabi_i2f
                0x080002c0                __floatsisf
                0x080002dc                __aeabi_ul2f
                0x080002dc                __floatundisf
                0x080002ec                __aeabi_l2f
                0x080002ec                __floatdisf
 .text          0x08000368      0x2a0 C:/ST/STM32CubeIDE_1.17.0/STM32CubeIDE/plugins/com.st.stm32cube.ide.mcu.externaltools.gnu-tools-for-stm32.12.3.rel1.win32_1.1.0.202410251130/tools/bin/../lib/gcc/arm-none-eabi/12.3.1/thumb/v7-m/nofp\libgcc.a(_arm_muldivsf3.o)
                0x08000368                __mulsf3
                0x08000368                __aeabi_fmul
                0x080004d0                __aeabi_fdiv
                0x080004d0                __divsf3
 .text          0x08000608       0xec C:/ST/STM32CubeIDE_1.17.0/STM32CubeIDE/plugins/com.st.stm32cube.ide.mcu.externaltools.gnu-tools-for-stm32.12.3.rel1.win32_1.1.0.202410251130/tools/bin/../lib/gcc/arm-none-eabi/12.3.1/thumb/v7-m/nofp\libgcc.a(_arm_cmpsf2.o)
                0x08000608                __gesf2
                0x08000608                __gtsf2
                0x08000610                __lesf2
                0x08000610                __ltsf2
                0x08000618                __nesf2
                0x08000618                __eqsf2
                0x08000618                __cmpsf2
                0x08000678                __aeabi_cfrcmple
                0x08000680                __aeabi_cfcmpeq
                0x08000680                __aeabi_cfcmple
                0x08000690                __aeabi_fcmpeq
                0x080006a4                __aeabi_fcmplt
                0x080006b8                __aeabi_fcmple
                0x080006cc                __aeabi_fcmpge
                0x080006e0                __aeabi_fcmpgt
 .text          0x080006f4       0x40 C:/ST/STM32CubeIDE_1.17.0/STM32CubeIDE/plugins/com.st.stm32cube.ide.mcu.externaltools.gnu-tools-for-stm32.12.3.rel1.win32_1.1.0.202410251130/tools/bin/../lib/gcc/arm-none-eabi/12.3.1/thumb/v7-m/nofp\libgcc.a(_arm_fixunssfsi.o)
                0x080006f4                __fixunssfsi
                0x080006f4                __aeabi_f2uiz
 *(.text*)
 .text.two_ascii_bytes
                0x08000734       0x58 ./Core/Src/display_utils.o
                0x08000734                two_ascii_bytes
 .text.three_ascii_bytes
                0x0800078c      0x124 ./Core/Src/display_utils.o
                0x0800078c                three_ascii_bytes
 .text.write_three
                0x080008b0       0x36 ./Core/Src/display_utils.o
                0x080008b0                write_three
 *fill*         0x080008e6        0x2 
 .text.dwin_write
                0x080008e8       0xd8 ./Core/Src/display_utils.o
                0x080008e8                dwin_write
 .text.set_state
                0x080009c0       0x36 ./Core/Src/display_utils.o
                0x080009c0                set_state
 .text.set_page
                0x080009f6       0x30 ./Core/Src/display_utils.o
                0x080009f6                set_page
 .text.write_two
                0x08000a26       0x34 ./Core/Src/display_utils.o
                0x08000a26                write_two
 *fill*         0x08000a5a        0x2 
 .text.set_voltage
                0x08000a5c      0x10c ./Core/Src/display_utils.o
                0x08000a5c                set_voltage
 .text.set_current
                0x08000b68      0x12c ./Core/Src/display_utils.o
                0x08000b68                set_current
 .text.set_current_bar
                0x08000c94       0xe4 ./Core/Src/display_utils.o
                0x08000c94                set_current_bar
 .text.set_charge_kw
                0x08000d78      0x10c ./Core/Src/display_utils.o
                0x08000d78                set_charge_kw
 .text.set_battery
                0x08000e84      0x1fa ./Core/Src/display_utils.o
                0x08000e84                set_battery
 *fill*         0x0800107e        0x2 
 .text.Send_BMS_Request
                0x08001080       0x70 ./Core/Src/main.o
                0x08001080                Send_BMS_Request
 .text.Send_Inverter_State
                0x080010f0       0xe4 ./Core/Src/main.o
                0x080010f0                Send_Inverter_State
 .text.main     0x080011d4      0x774 ./Core/Src/main.o
                0x080011d4                main
 .text.SystemClock_Config
                0x08001948       0x82 ./Core/Src/main.o
                0x08001948                SystemClock_Config
 *fill*         0x080019ca        0x2 
 .text.MX_CAN_Init
                0x080019cc       0x6c ./Core/Src/main.o
 .text.MX_TIM3_Init
                0x08001a38       0x9c ./Core/Src/main.o
 .text.MX_USART1_UART_Init
                0x08001ad4       0x54 ./Core/Src/main.o
 .text.MX_USART2_UART_Init
                0x08001b28       0x54 ./Core/Src/main.o
 .text.MX_DMA_Init
                0x08001b7c       0x3c ./Core/Src/main.o
 .text.MX_GPIO_Init
                0x08001bb8      0x1a0 ./Core/Src/main.o
 .text.HAL_CAN_RxFifo0MsgPendingCallback
                0x08001d58      0x1f0 ./Core/Src/main.o
                0x08001d58                HAL_CAN_RxFifo0MsgPendingCallback
 .text.HAL_TIM_PeriodElapsedCallback
                0x08001f48      0x220 ./Core/Src/main.o
                0x08001f48                HAL_TIM_PeriodElapsedCallback
 .text.HAL_UART_TxCpltCallback
                0x08002168       0x2c ./Core/Src/main.o
                0x08002168                HAL_UART_TxCpltCallback
 .text.Error_Handler
                0x08002194        0xc ./Core/Src/main.o
                0x08002194                Error_Handler
 .text.HAL_MspInit
                0x080021a0       0x64 ./Core/Src/stm32f1xx_hal_msp.o
                0x080021a0                HAL_MspInit
 .text.HAL_CAN_MspInit
                0x08002204       0xa8 ./Core/Src/stm32f1xx_hal_msp.o
                0x08002204                HAL_CAN_MspInit
 .text.HAL_TIM_Base_MspInit
                0x080022ac       0x4c ./Core/Src/stm32f1xx_hal_msp.o
                0x080022ac                HAL_TIM_Base_MspInit
 .text.HAL_UART_MspInit
                0x080022f8      0x174 ./Core/Src/stm32f1xx_hal_msp.o
                0x080022f8                HAL_UART_MspInit
 .text.NMI_Handler
                0x0800246c        0x8 ./Core/Src/stm32f1xx_it.o
                0x0800246c                NMI_Handler
 .text.HardFault_Handler
                0x08002474        0x8 ./Core/Src/stm32f1xx_it.o
                0x08002474                HardFault_Handler
 .text.MemManage_Handler
                0x0800247c        0x8 ./Core/Src/stm32f1xx_it.o
                0x0800247c                MemManage_Handler
 .text.BusFault_Handler
                0x08002484        0x8 ./Core/Src/stm32f1xx_it.o
                0x08002484                BusFault_Handler
 .text.UsageFault_Handler
                0x0800248c        0x8 ./Core/Src/stm32f1xx_it.o
                0x0800248c                UsageFault_Handler
 .text.SVC_Handler
                0x08002494        0xc ./Core/Src/stm32f1xx_it.o
                0x08002494                SVC_Handler
 .text.DebugMon_Handler
                0x080024a0        0xc ./Core/Src/stm32f1xx_it.o
                0x080024a0                DebugMon_Handler
 .text.PendSV_Handler
                0x080024ac        0xc ./Core/Src/stm32f1xx_it.o
                0x080024ac                PendSV_Handler
 .text.SysTick_Handler
                0x080024b8        0xc ./Core/Src/stm32f1xx_it.o
                0x080024b8                SysTick_Handler
 .text.DMA1_Channel4_IRQHandler
                0x080024c4       0x14 ./Core/Src/stm32f1xx_it.o
                0x080024c4                DMA1_Channel4_IRQHandler
 .text.USB_LP_CAN1_RX0_IRQHandler
                0x080024d8       0x14 ./Core/Src/stm32f1xx_it.o
                0x080024d8                USB_LP_CAN1_RX0_IRQHandler
 .text.TIM3_IRQHandler
                0x080024ec       0x14 ./Core/Src/stm32f1xx_it.o
                0x080024ec                TIM3_IRQHandler
 .text.USART1_IRQHandler
                0x08002500       0x14 ./Core/Src/stm32f1xx_it.o
                0x08002500                USART1_IRQHandler
 .text.EXTI15_10_IRQHandler
                0x08002514       0x10 ./Core/Src/stm32f1xx_it.o
                0x08002514                EXTI15_10_IRQHandler
 .text.SystemInit
                0x08002524        0xc ./Core/Src/system_stm32f1xx.o
                0x08002524                SystemInit
 .text.Reset_Handler
                0x08002530       0x48 ./Core/Startup/startup_stm32f103rbtx.o
                0x08002530                Reset_Handler
 .text.Default_Handler
                0x08002578        0x2 ./Core/Startup/startup_stm32f103rbtx.o
                0x08002578                RTC_Alarm_IRQHandler
                0x08002578                EXTI2_IRQHandler
                0x08002578                TIM1_CC_IRQHandler
                0x08002578                PVD_IRQHandler
                0x08002578                EXTI3_IRQHandler
                0x08002578                EXTI0_IRQHandler
                0x08002578                I2C2_EV_IRQHandler
                0x08002578                ADC1_2_IRQHandler
                0x08002578                SPI1_IRQHandler
                0x08002578                TAMPER_IRQHandler
                0x08002578                USART3_IRQHandler
                0x08002578                RTC_IRQHandler
                0x08002578                DMA1_Channel7_IRQHandler
                0x08002578                CAN1_RX1_IRQHandler
                0x08002578                TIM4_IRQHandler
                0x08002578                I2C1_EV_IRQHandler
                0x08002578                DMA1_Channel6_IRQHandler
                0x08002578                RCC_IRQHandler
                0x08002578                TIM1_TRG_COM_IRQHandler
                0x08002578                DMA1_Channel1_IRQHandler
                0x08002578                Default_Handler
                0x08002578                EXTI9_5_IRQHandler
                0x08002578                SPI2_IRQHandler
                0x08002578                DMA1_Channel5_IRQHandler
                0x08002578                EXTI4_IRQHandler
                0x08002578                USB_HP_CAN1_TX_IRQHandler
                0x08002578                DMA1_Channel3_IRQHandler
                0x08002578                TIM1_UP_IRQHandler
                0x08002578                WWDG_IRQHandler
                0x08002578                TIM2_IRQHandler
                0x08002578                TIM1_BRK_IRQHandler
                0x08002578                EXTI1_IRQHandler
                0x08002578                USART2_IRQHandler
                0x08002578                I2C2_ER_IRQHandler
                0x08002578                DMA1_Channel2_IRQHandler
                0x08002578                CAN1_SCE_IRQHandler
                0x08002578                FLASH_IRQHandler
                0x08002578                I2C1_ER_IRQHandler
                0x08002578                USBWakeUp_IRQHandler
 *fill*         0x0800257a        0x2 
 .text.HAL_Init
                0x0800257c       0x2c ./Drivers/STM32F1xx_HAL_Driver/Src/stm32f1xx_hal.o
                0x0800257c                HAL_Init
 .text.HAL_InitTick
                0x080025a8       0x60 ./Drivers/STM32F1xx_HAL_Driver/Src/stm32f1xx_hal.o
                0x080025a8                HAL_InitTick
 .text.HAL_IncTick
                0x08002608       0x24 ./Drivers/STM32F1xx_HAL_Driver/Src/stm32f1xx_hal.o
                0x08002608                HAL_IncTick
 .text.HAL_GetTick
                0x0800262c       0x14 ./Drivers/STM32F1xx_HAL_Driver/Src/stm32f1xx_hal.o
                0x0800262c                HAL_GetTick
 .text.HAL_Delay
                0x08002640       0x48 ./Drivers/STM32F1xx_HAL_Driver/Src/stm32f1xx_hal.o
                0x08002640                HAL_Delay
 .text.HAL_CAN_Init
                0x08002688      0x1f6 ./Drivers/STM32F1xx_HAL_Driver/Src/stm32f1xx_hal_can.o
                0x08002688                HAL_CAN_Init
 .text.HAL_CAN_ConfigFilter
                0x0800287e      0x192 ./Drivers/STM32F1xx_HAL_Driver/Src/stm32f1xx_hal_can.o
                0x0800287e                HAL_CAN_ConfigFilter
 .text.HAL_CAN_Start
                0x08002a10       0x88 ./Drivers/STM32F1xx_HAL_Driver/Src/stm32f1xx_hal_can.o
                0x08002a10                HAL_CAN_Start
 .text.HAL_CAN_AddTxMessage
                0x08002a98      0x19e ./Drivers/STM32F1xx_HAL_Driver/Src/stm32f1xx_hal_can.o
                0x08002a98                HAL_CAN_AddTxMessage
 .text.HAL_CAN_GetRxMessage
                0x08002c36      0x242 ./Drivers/STM32F1xx_HAL_Driver/Src/stm32f1xx_hal_can.o
                0x08002c36                HAL_CAN_GetRxMessage
 .text.HAL_CAN_ActivateNotification
                0x08002e78       0x4a ./Drivers/STM32F1xx_HAL_Driver/Src/stm32f1xx_hal_can.o
                0x08002e78                HAL_CAN_ActivateNotification
 .text.HAL_CAN_IRQHandler
                0x08002ec2      0x36e ./Drivers/STM32F1xx_HAL_Driver/Src/stm32f1xx_hal_can.o
                0x08002ec2                HAL_CAN_IRQHandler
 .text.HAL_CAN_TxMailbox0CompleteCallback
                0x08003230       0x12 ./Drivers/STM32F1xx_HAL_Driver/Src/stm32f1xx_hal_can.o
                0x08003230                HAL_CAN_TxMailbox0CompleteCallback
 .text.HAL_CAN_TxMailbox1CompleteCallback
                0x08003242       0x12 ./Drivers/STM32F1xx_HAL_Driver/Src/stm32f1xx_hal_can.o
                0x08003242                HAL_CAN_TxMailbox1CompleteCallback
 .text.HAL_CAN_TxMailbox2CompleteCallback
                0x08003254       0x12 ./Drivers/STM32F1xx_HAL_Driver/Src/stm32f1xx_hal_can.o
                0x08003254                HAL_CAN_TxMailbox2CompleteCallback
 .text.HAL_CAN_TxMailbox0AbortCallback
                0x08003266       0x12 ./Drivers/STM32F1xx_HAL_Driver/Src/stm32f1xx_hal_can.o
                0x08003266                HAL_CAN_TxMailbox0AbortCallback
 .text.HAL_CAN_TxMailbox1AbortCallback
                0x08003278       0x12 ./Drivers/STM32F1xx_HAL_Driver/Src/stm32f1xx_hal_can.o
                0x08003278                HAL_CAN_TxMailbox1AbortCallback
 .text.HAL_CAN_TxMailbox2AbortCallback
                0x0800328a       0x12 ./Drivers/STM32F1xx_HAL_Driver/Src/stm32f1xx_hal_can.o
                0x0800328a                HAL_CAN_TxMailbox2AbortCallback
 .text.HAL_CAN_RxFifo0FullCallback
                0x0800329c       0x12 ./Drivers/STM32F1xx_HAL_Driver/Src/stm32f1xx_hal_can.o
                0x0800329c                HAL_CAN_RxFifo0FullCallback
 .text.HAL_CAN_RxFifo1MsgPendingCallback
                0x080032ae       0x12 ./Drivers/STM32F1xx_HAL_Driver/Src/stm32f1xx_hal_can.o
                0x080032ae                HAL_CAN_RxFifo1MsgPendingCallback
 .text.HAL_CAN_RxFifo1FullCallback
                0x080032c0       0x12 ./Drivers/STM32F1xx_HAL_Driver/Src/stm32f1xx_hal_can.o
                0x080032c0                HAL_CAN_RxFifo1FullCallback
 .text.HAL_CAN_SleepCallback
                0x080032d2       0x12 ./Drivers/STM32F1xx_HAL_Driver/Src/stm32f1xx_hal_can.o
                0x080032d2                HAL_CAN_SleepCallback
 .text.HAL_CAN_WakeUpFromRxMsgCallback
                0x080032e4       0x12 ./Drivers/STM32F1xx_HAL_Driver/Src/stm32f1xx_hal_can.o
                0x080032e4                HAL_CAN_WakeUpFromRxMsgCallback
 .text.HAL_CAN_ErrorCallback
                0x080032f6       0x12 ./Drivers/STM32F1xx_HAL_Driver/Src/stm32f1xx_hal_can.o
                0x080032f6                HAL_CAN_ErrorCallback
 .text.__NVIC_SetPriorityGrouping
                0x08003308       0x48 ./Drivers/STM32F1xx_HAL_Driver/Src/stm32f1xx_hal_cortex.o
 .text.__NVIC_GetPriorityGrouping
                0x08003350       0x1c ./Drivers/STM32F1xx_HAL_Driver/Src/stm32f1xx_hal_cortex.o
 .text.__NVIC_EnableIRQ
                0x0800336c       0x38 ./Drivers/STM32F1xx_HAL_Driver/Src/stm32f1xx_hal_cortex.o
 .text.__NVIC_SetPriority
                0x080033a4       0x54 ./Drivers/STM32F1xx_HAL_Driver/Src/stm32f1xx_hal_cortex.o
 .text.NVIC_EncodePriority
                0x080033f8       0x64 ./Drivers/STM32F1xx_HAL_Driver/Src/stm32f1xx_hal_cortex.o
 .text.SysTick_Config
                0x0800345c       0x44 ./Drivers/STM32F1xx_HAL_Driver/Src/stm32f1xx_hal_cortex.o
 .text.HAL_NVIC_SetPriorityGrouping
                0x080034a0       0x16 ./Drivers/STM32F1xx_HAL_Driver/Src/stm32f1xx_hal_cortex.o
                0x080034a0                HAL_NVIC_SetPriorityGrouping
 .text.HAL_NVIC_SetPriority
                0x080034b6       0x38 ./Drivers/STM32F1xx_HAL_Driver/Src/stm32f1xx_hal_cortex.o
                0x080034b6                HAL_NVIC_SetPriority
 .text.HAL_NVIC_EnableIRQ
                0x080034ee       0x1c ./Drivers/STM32F1xx_HAL_Driver/Src/stm32f1xx_hal_cortex.o
                0x080034ee                HAL_NVIC_EnableIRQ
 .text.HAL_SYSTICK_Config
                0x0800350a       0x18 ./Drivers/STM32F1xx_HAL_Driver/Src/stm32f1xx_hal_cortex.o
                0x0800350a                HAL_SYSTICK_Config
 *fill*         0x08003522        0x2 
 .text.HAL_DMA_Init
                0x08003524       0xb4 ./Drivers/STM32F1xx_HAL_Driver/Src/stm32f1xx_hal_dma.o
                0x08003524                HAL_DMA_Init
 .text.HAL_DMA_Start_IT
                0x080035d8       0xc0 ./Drivers/STM32F1xx_HAL_Driver/Src/stm32f1xx_hal_dma.o
                0x080035d8                HAL_DMA_Start_IT
 .text.HAL_DMA_Abort
                0x08003698       0x76 ./Drivers/STM32F1xx_HAL_Driver/Src/stm32f1xx_hal_dma.o
                0x08003698                HAL_DMA_Abort
 *fill*         0x0800370e        0x2 
 .text.HAL_DMA_Abort_IT
                0x08003710       0xf0 ./Drivers/STM32F1xx_HAL_Driver/Src/stm32f1xx_hal_dma.o
                0x08003710                HAL_DMA_Abort_IT
 .text.HAL_DMA_IRQHandler
                0x08003800      0x20c ./Drivers/STM32F1xx_HAL_Driver/Src/stm32f1xx_hal_dma.o
                0x08003800                HAL_DMA_IRQHandler
 .text.DMA_SetConfig
                0x08003a0c       0x5a ./Drivers/STM32F1xx_HAL_Driver/Src/stm32f1xx_hal_dma.o
 *fill*         0x08003a66        0x2 
 .text.HAL_GPIO_Init
                0x08003a68      0x308 ./Drivers/STM32F1xx_HAL_Driver/Src/stm32f1xx_hal_gpio.o
                0x08003a68                HAL_GPIO_Init
 .text.HAL_GPIO_ReadPin
                0x08003d70       0x2e ./Drivers/STM32F1xx_HAL_Driver/Src/stm32f1xx_hal_gpio.o
                0x08003d70                HAL_GPIO_ReadPin
 .text.HAL_GPIO_WritePin
                0x08003d9e       0x30 ./Drivers/STM32F1xx_HAL_Driver/Src/stm32f1xx_hal_gpio.o
                0x08003d9e                HAL_GPIO_WritePin
 *fill*         0x08003dce        0x2 
 .text.HAL_GPIO_EXTI_IRQHandler
                0x08003dd0       0x30 ./Drivers/STM32F1xx_HAL_Driver/Src/stm32f1xx_hal_gpio.o
                0x08003dd0                HAL_GPIO_EXTI_IRQHandler
 .text.HAL_GPIO_EXTI_Callback
                0x08003e00       0x14 ./Drivers/STM32F1xx_HAL_Driver/Src/stm32f1xx_hal_gpio.o
                0x08003e00                HAL_GPIO_EXTI_Callback
 .text.HAL_RCC_OscConfig
                0x08003e14      0x504 ./Drivers/STM32F1xx_HAL_Driver/Src/stm32f1xx_hal_rcc.o
                0x08003e14                HAL_RCC_OscConfig
 .text.HAL_RCC_ClockConfig
                0x08004318      0x1d4 ./Drivers/STM32F1xx_HAL_Driver/Src/stm32f1xx_hal_rcc.o
                0x08004318                HAL_RCC_ClockConfig
 .text.HAL_RCC_GetSysClockFreq
                0x080044ec       0xa8 ./Drivers/STM32F1xx_HAL_Driver/Src/stm32f1xx_hal_rcc.o
                0x080044ec                HAL_RCC_GetSysClockFreq
 .text.HAL_RCC_GetHCLKFreq
                0x08004594       0x14 ./Drivers/STM32F1xx_HAL_Driver/Src/stm32f1xx_hal_rcc.o
                0x08004594                HAL_RCC_GetHCLKFreq
 .text.HAL_RCC_GetPCLK1Freq
                0x080045a8       0x28 ./Drivers/STM32F1xx_HAL_Driver/Src/stm32f1xx_hal_rcc.o
                0x080045a8                HAL_RCC_GetPCLK1Freq
 .text.HAL_RCC_GetPCLK2Freq
                0x080045d0       0x28 ./Drivers/STM32F1xx_HAL_Driver/Src/stm32f1xx_hal_rcc.o
                0x080045d0                HAL_RCC_GetPCLK2Freq
 .text.RCC_Delay
                0x080045f8       0x3c ./Drivers/STM32F1xx_HAL_Driver/Src/stm32f1xx_hal_rcc.o
 .text.HAL_TIM_Base_Init
                0x08004634       0x9e ./Drivers/STM32F1xx_HAL_Driver/Src/stm32f1xx_hal_tim.o
                0x08004634                HAL_TIM_Base_Init
 *fill*         0x080046d2        0x2 
 .text.HAL_TIM_Base_Start_IT
                0x080046d4       0xa4 ./Drivers/STM32F1xx_HAL_Driver/Src/stm32f1xx_hal_tim.o
                0x080046d4                HAL_TIM_Base_Start_IT
 .text.HAL_TIM_IRQHandler
                0x08004778      0x1e0 ./Drivers/STM32F1xx_HAL_Driver/Src/stm32f1xx_hal_tim.o
                0x08004778                HAL_TIM_IRQHandler
 .text.HAL_TIM_ConfigClockSource
                0x08004958      0x18e ./Drivers/STM32F1xx_HAL_Driver/Src/stm32f1xx_hal_tim.o
                0x08004958                HAL_TIM_ConfigClockSource
 .text.HAL_TIM_OC_DelayElapsedCallback
                0x08004ae6       0x12 ./Drivers/STM32F1xx_HAL_Driver/Src/stm32f1xx_hal_tim.o
                0x08004ae6                HAL_TIM_OC_DelayElapsedCallback
 .text.HAL_TIM_IC_CaptureCallback
                0x08004af8       0x12 ./Drivers/STM32F1xx_HAL_Driver/Src/stm32f1xx_hal_tim.o
                0x08004af8                HAL_TIM_IC_CaptureCallback
 .text.HAL_TIM_PWM_PulseFinishedCallback
                0x08004b0a       0x12 ./Drivers/STM32F1xx_HAL_Driver/Src/stm32f1xx_hal_tim.o
                0x08004b0a                HAL_TIM_PWM_PulseFinishedCallback
 .text.HAL_TIM_TriggerCallback
                0x08004b1c       0x12 ./Drivers/STM32F1xx_HAL_Driver/Src/stm32f1xx_hal_tim.o
                0x08004b1c                HAL_TIM_TriggerCallback
 *fill*         0x08004b2e        0x2 
 .text.TIM_Base_SetConfig
                0x08004b30       0xdc ./Drivers/STM32F1xx_HAL_Driver/Src/stm32f1xx_hal_tim.o
                0x08004b30                TIM_Base_SetConfig
 .text.TIM_TI1_ConfigInputStage
                0x08004c0c       0x5c ./Drivers/STM32F1xx_HAL_Driver/Src/stm32f1xx_hal_tim.o
 .text.TIM_TI2_ConfigInputStage
                0x08004c68       0x5e ./Drivers/STM32F1xx_HAL_Driver/Src/stm32f1xx_hal_tim.o
 .text.TIM_ITRx_SetConfig
                0x08004cc6       0x34 ./Drivers/STM32F1xx_HAL_Driver/Src/stm32f1xx_hal_tim.o
 .text.TIM_ETR_SetConfig
                0x08004cfa       0x3e ./Drivers/STM32F1xx_HAL_Driver/Src/stm32f1xx_hal_tim.o
                0x08004cfa                TIM_ETR_SetConfig
 .text.HAL_TIMEx_MasterConfigSynchronization
                0x08004d38       0xbc ./Drivers/STM32F1xx_HAL_Driver/Src/stm32f1xx_hal_tim_ex.o
                0x08004d38                HAL_TIMEx_MasterConfigSynchronization
 .text.HAL_TIMEx_CommutCallback
                0x08004df4       0x12 ./Drivers/STM32F1xx_HAL_Driver/Src/stm32f1xx_hal_tim_ex.o
                0x08004df4                HAL_TIMEx_CommutCallback
 .text.HAL_TIMEx_BreakCallback
                0x08004e06       0x12 ./Drivers/STM32F1xx_HAL_Driver/Src/stm32f1xx_hal_tim_ex.o
                0x08004e06                HAL_TIMEx_BreakCallback
 .text.HAL_UART_Init
                0x08004e18       0xa0 ./Drivers/STM32F1xx_HAL_Driver/Src/stm32f1xx_hal_uart.o
                0x08004e18                HAL_UART_Init
 .text.HAL_UART_Transmit
                0x08004eb8      0x116 ./Drivers/STM32F1xx_HAL_Driver/Src/stm32f1xx_hal_uart.o
                0x08004eb8                HAL_UART_Transmit
 *fill*         0x08004fce        0x2 
 .text.HAL_UART_Transmit_DMA
                0x08004fd0       0xe0 ./Drivers/STM32F1xx_HAL_Driver/Src/stm32f1xx_hal_uart.o
                0x08004fd0                HAL_UART_Transmit_DMA
 .text.HAL_UART_IRQHandler
                0x080050b0      0x524 ./Drivers/STM32F1xx_HAL_Driver/Src/stm32f1xx_hal_uart.o
                0x080050b0                HAL_UART_IRQHandler
 .text.HAL_UART_TxHalfCpltCallback
                0x080055d4       0x12 ./Drivers/STM32F1xx_HAL_Driver/Src/stm32f1xx_hal_uart.o
                0x080055d4                HAL_UART_TxHalfCpltCallback
 .text.HAL_UART_RxCpltCallback
                0x080055e6       0x12 ./Drivers/STM32F1xx_HAL_Driver/Src/stm32f1xx_hal_uart.o
                0x080055e6                HAL_UART_RxCpltCallback
 .text.HAL_UART_ErrorCallback
                0x080055f8       0x12 ./Drivers/STM32F1xx_HAL_Driver/Src/stm32f1xx_hal_uart.o
                0x080055f8                HAL_UART_ErrorCallback
 .text.HAL_UARTEx_RxEventCallback
                0x0800560a       0x16 ./Drivers/STM32F1xx_HAL_Driver/Src/stm32f1xx_hal_uart.o
                0x0800560a                HAL_UARTEx_RxEventCallback
 .text.UART_DMATransmitCplt
                0x08005620       0x9a ./Drivers/STM32F1xx_HAL_Driver/Src/stm32f1xx_hal_uart.o
 .text.UART_DMATxHalfCplt
                0x080056ba       0x1c ./Drivers/STM32F1xx_HAL_Driver/Src/stm32f1xx_hal_uart.o
 .text.UART_DMAError
                0x080056d6       0x94 ./Drivers/STM32F1xx_HAL_Driver/Src/stm32f1xx_hal_uart.o
 .text.UART_WaitOnFlagUntilTimeout
                0x0800576a       0xb2 ./Drivers/STM32F1xx_HAL_Driver/Src/stm32f1xx_hal_uart.o
 .text.UART_EndTxTransfer
                0x0800581c       0x4e ./Drivers/STM32F1xx_HAL_Driver/Src/stm32f1xx_hal_uart.o
 .text.UART_EndRxTransfer
                0x0800586a       0xc4 ./Drivers/STM32F1xx_HAL_Driver/Src/stm32f1xx_hal_uart.o
 .text.UART_DMAAbortOnError
                0x0800592e       0x28 ./Drivers/STM32F1xx_HAL_Driver/Src/stm32f1xx_hal_uart.o
 .text.UART_Transmit_IT
                0x08005956       0x9e ./Drivers/STM32F1xx_HAL_Driver/Src/stm32f1xx_hal_uart.o
 .text.UART_EndTransmit_IT
                0x080059f4       0x30 ./Drivers/STM32F1xx_HAL_Driver/Src/stm32f1xx_hal_uart.o
 .text.UART_Receive_IT
                0x08005a24      0x17c ./Drivers/STM32F1xx_HAL_Driver/Src/stm32f1xx_hal_uart.o
 .text.UART_SetConfig
                0x08005ba0      0x11c ./Drivers/STM32F1xx_HAL_Driver/Src/stm32f1xx_hal_uart.o
 .text.memset   0x08005cbc       0x10 C:/ST/STM32CubeIDE_1.17.0/STM32CubeIDE/plugins/com.st.stm32cube.ide.mcu.externaltools.gnu-tools-for-stm32.12.3.rel1.win32_1.1.0.202410251130/tools/bin/../lib/gcc/arm-none-eabi/12.3.1/../../../../arm-none-eabi/lib/thumb/v7-m/nofp\libc_nano.a(libc_a-memset.o)
                0x08005cbc                memset
 .text.__libc_init_array
                0x08005ccc       0x48 C:/ST/STM32CubeIDE_1.17.0/STM32CubeIDE/plugins/com.st.stm32cube.ide.mcu.externaltools.gnu-tools-for-stm32.12.3.rel1.win32_1.1.0.202410251130/tools/bin/../lib/gcc/arm-none-eabi/12.3.1/../../../../arm-none-eabi/lib/thumb/v7-m/nofp\libc_nano.a(libc_a-init.o)
                0x08005ccc                __libc_init_array
 .text.memcpy   0x08005d14       0x1c C:/ST/STM32CubeIDE_1.17.0/STM32CubeIDE/plugins/com.st.stm32cube.ide.mcu.externaltools.gnu-tools-for-stm32.12.3.rel1.win32_1.1.0.202410251130/tools/bin/../lib/gcc/arm-none-eabi/12.3.1/../../../../arm-none-eabi/lib/thumb/v7-m/nofp\libc_nano.a(libc_a-memcpy-stub.o)
                0x08005d14                memcpy
 *(.glue_7)
 .glue_7        0x08005d30        0x0 linker stubs
 *(.glue_7t)
 .glue_7t       0x08005d30        0x0 linker stubs
 *(.eh_frame)
 .eh_frame      0x08005d30        0x0 C:/ST/STM32CubeIDE_1.17.0/STM32CubeIDE/plugins/com.st.stm32cube.ide.mcu.externaltools.gnu-tools-for-stm32.12.3.rel1.win32_1.1.0.202410251130/tools/bin/../lib/gcc/arm-none-eabi/12.3.1/thumb/v7-m/nofp/crtbegin.o
 *(.init)
 .init          0x08005d30        0x4 C:/ST/STM32CubeIDE_1.17.0/STM32CubeIDE/plugins/com.st.stm32cube.ide.mcu.externaltools.gnu-tools-for-stm32.12.3.rel1.win32_1.1.0.202410251130/tools/bin/../lib/gcc/arm-none-eabi/12.3.1/thumb/v7-m/nofp/crti.o
                0x08005d30                _init
 .init          0x08005d34        0x8 C:/ST/STM32CubeIDE_1.17.0/STM32CubeIDE/plugins/com.st.stm32cube.ide.mcu.externaltools.gnu-tools-for-stm32.12.3.rel1.win32_1.1.0.202410251130/tools/bin/../lib/gcc/arm-none-eabi/12.3.1/thumb/v7-m/nofp/crtn.o
 *(.fini)
 .fini          0x08005d3c        0x4 C:/ST/STM32CubeIDE_1.17.0/STM32CubeIDE/plugins/com.st.stm32cube.ide.mcu.externaltools.gnu-tools-for-stm32.12.3.rel1.win32_1.1.0.202410251130/tools/bin/../lib/gcc/arm-none-eabi/12.3.1/thumb/v7-m/nofp/crti.o
                0x08005d3c                _fini
 .fini          0x08005d40        0x8 C:/ST/STM32CubeIDE_1.17.0/STM32CubeIDE/plugins/com.st.stm32cube.ide.mcu.externaltools.gnu-tools-for-stm32.12.3.rel1.win32_1.1.0.202410251130/tools/bin/../lib/gcc/arm-none-eabi/12.3.1/thumb/v7-m/nofp/crtn.o
                0x08005d48                        . = ALIGN (0x4)
                0x08005d48                        _etext = .

.vfp11_veneer   0x08005d48        0x0
 .vfp11_veneer  0x08005d48        0x0 linker stubs

.v4_bx          0x08005d48        0x0
 .v4_bx         0x08005d48        0x0 linker stubs

.iplt           0x08005d48        0x0
 .iplt          0x08005d48        0x0 C:/ST/STM32CubeIDE_1.17.0/STM32CubeIDE/plugins/com.st.stm32cube.ide.mcu.externaltools.gnu-tools-for-stm32.12.3.rel1.win32_1.1.0.202410251130/tools/bin/../lib/gcc/arm-none-eabi/12.3.1/thumb/v7-m/nofp/crtbegin.o

.rodata         0x08005d48       0x50
                0x08005d48                        . = ALIGN (0x4)
 *(.rodata)
 .rodata        0x08005d48       0x23 ./Core/Src/main.o
 *(.rodata*)
 *fill*         0x08005d6b        0x1 
 .rodata.AHBPrescTable
                0x08005d6c       0x10 ./Core/Src/system_stm32f1xx.o
                0x08005d6c                AHBPrescTable
 .rodata.APBPrescTable
                0x08005d7c        0x8 ./Core/Src/system_stm32f1xx.o
                0x08005d7c                APBPrescTable
 .rodata.aPLLMULFactorTable.1
                0x08005d84       0x10 ./Drivers/STM32F1xx_HAL_Driver/Src/stm32f1xx_hal_rcc.o
 .rodata.aPredivFactorTable.0
                0x08005d94        0x2 ./Drivers/STM32F1xx_HAL_Driver/Src/stm32f1xx_hal_rcc.o
                0x08005d98                        . = ALIGN (0x4)
 *fill*         0x08005d96        0x2 

.ARM.extab      0x08005d98        0x0
                0x08005d98                        . = ALIGN (0x4)
 *(.ARM.extab* .gnu.linkonce.armextab.*)
                0x08005d98                        . = ALIGN (0x4)

.ARM            0x08005d98        0x0
                0x08005d98                        . = ALIGN (0x4)
                0x08005d98                        __exidx_start = .
 *(.ARM.exidx*)
                0x08005d98                        __exidx_end = .
                0x08005d98                        . = ALIGN (0x4)

.preinit_array  0x08005d98        0x0
                0x08005d98                        . = ALIGN (0x4)
                0x08005d98                        PROVIDE (__preinit_array_start = .)
 *(.preinit_array*)
                0x08005d98                        PROVIDE (__preinit_array_end = .)
                0x08005d98                        . = ALIGN (0x4)

.init_array     0x08005d98        0x4
                0x08005d98                        . = ALIGN (0x4)
                0x08005d98                        PROVIDE (__init_array_start = .)
 *(SORT_BY_NAME(.init_array.*))
 *(.init_array*)
 .init_array    0x08005d98        0x4 C:/ST/STM32CubeIDE_1.17.0/STM32CubeIDE/plugins/com.st.stm32cube.ide.mcu.externaltools.gnu-tools-for-stm32.12.3.rel1.win32_1.1.0.202410251130/tools/bin/../lib/gcc/arm-none-eabi/12.3.1/thumb/v7-m/nofp/crtbegin.o
                0x08005d9c                        PROVIDE (__init_array_end = .)
                0x08005d9c                        . = ALIGN (0x4)

.fini_array     0x08005d9c        0x4
                0x08005d9c                        . = ALIGN (0x4)
                [!provide]                        PROVIDE (__fini_array_start = .)
 *(SORT_BY_NAME(.fini_array.*))
 *(.fini_array*)
 .fini_array    0x08005d9c        0x4 C:/ST/STM32CubeIDE_1.17.0/STM32CubeIDE/plugins/com.st.stm32cube.ide.mcu.externaltools.gnu-tools-for-stm32.12.3.rel1.win32_1.1.0.202410251130/tools/bin/../lib/gcc/arm-none-eabi/12.3.1/thumb/v7-m/nofp/crtbegin.o
                [!provide]                        PROVIDE (__fini_array_end = .)
                0x08005da0                        . = ALIGN (0x4)
                0x08005da0                        _sidata = LOADADDR (.data)

.rel.dyn        0x08005da0        0x0
 .rel.iplt      0x08005da0        0x0 C:/ST/STM32CubeIDE_1.17.0/STM32CubeIDE/plugins/com.st.stm32cube.ide.mcu.externaltools.gnu-tools-for-stm32.12.3.rel1.win32_1.1.0.202410251130/tools/bin/../lib/gcc/arm-none-eabi/12.3.1/thumb/v7-m/nofp/crtbegin.o

.data           0x20000000       0x28 load address 0x08005da0
                0x20000000                        . = ALIGN (0x4)
                0x20000000                        _sdata = .
 *(.data)
 *(.data*)
 .data.indicatorOn
                0x20000000        0x1 ./Core/Src/main.o
                0x20000000                indicatorOn
 *fill*         0x20000001        0x3 
 .data.hazardState
                0x20000004        0x4 ./Core/Src/main.o
                0x20000004                hazardState
 .data.leftState
                0x20000008        0x4 ./Core/Src/main.o
                0x20000008                leftState
 .data.rightState
                0x2000000c        0x4 ./Core/Src/main.o
                0x2000000c                rightState
 .data.errors   0x20000010        0xa ./Core/Src/main.o
                0x20000010                errors
 *fill*         0x2000001a        0x2 
 .data.SystemCoreClock
                0x2000001c        0x4 ./Core/Src/system_stm32f1xx.o
                0x2000001c                SystemCoreClock
 .data.uwTickPrio
                0x20000020        0x4 ./Drivers/STM32F1xx_HAL_Driver/Src/stm32f1xx_hal.o
                0x20000020                uwTickPrio
 .data.uwTickFreq
                0x20000024        0x1 ./Drivers/STM32F1xx_HAL_Driver/Src/stm32f1xx_hal.o
                0x20000024                uwTickFreq
 *(.RamFunc)
 *(.RamFunc*)
                0x20000028                        . = ALIGN (0x4)
 *fill*         0x20000025        0x3 
                0x20000028                        _edata = .

.igot.plt       0x20000028        0x0 load address 0x08005dc8
 .igot.plt      0x20000028        0x0 C:/ST/STM32CubeIDE_1.17.0/STM32CubeIDE/plugins/com.st.stm32cube.ide.mcu.externaltools.gnu-tools-for-stm32.12.3.rel1.win32_1.1.0.202410251130/tools/bin/../lib/gcc/arm-none-eabi/12.3.1/thumb/v7-m/nofp/crtbegin.o
                0x20000028                        . = ALIGN (0x4)

.bss            0x20000028      0x1d4 load address 0x08005dc8
                0x20000028                        _sbss = .
                0x20000028                        __bss_start__ = _sbss
 *(.bss)
 .bss           0x20000028       0x1c C:/ST/STM32CubeIDE_1.17.0/STM32CubeIDE/plugins/com.st.stm32cube.ide.mcu.externaltools.gnu-tools-for-stm32.12.3.rel1.win32_1.1.0.202410251130/tools/bin/../lib/gcc/arm-none-eabi/12.3.1/thumb/v7-m/nofp/crtbegin.o
 *(.bss*)
 .bss.hcan      0x20000044       0x28 ./Core/Src/main.o
                0x20000044                hcan
 .bss.htim3     0x2000006c       0x48 ./Core/Src/main.o
                0x2000006c                htim3
 .bss.huart1    0x200000b4       0x48 ./Core/Src/main.o
                0x200000b4                huart1
 .bss.huart2    0x200000fc       0x48 ./Core/Src/main.o
                0x200000fc                huart2
 .bss.hdma_usart1_tx
                0x20000144       0x44 ./Core/Src/main.o
                0x20000144                hdma_usart1_tx
 .bss.indicatorCounter
                0x20000188        0x1 ./Core/Src/main.o
                0x20000188                indicatorCounter
 .bss.uart_dma_busy
                0x20000189        0x1 ./Core/Src/main.o
                0x20000189                uart_dma_busy
 .bss.indicator_state
                0x2000018a        0x1 ./Core/Src/main.o
                0x2000018a                indicator_state
 *fill*         0x2000018b        0x1 
 .bss.TxHeader  0x2000018c       0x18 ./Core/Src/main.o
                0x2000018c                TxHeader
 .bss.TxData    0x200001a4        0x8 ./Core/Src/main.o
                0x200001a4                TxData
 .bss.RxData    0x200001ac        0x8 ./Core/Src/main.o
                0x200001ac                RxData
 .bss.TxMailbox
                0x200001b4        0x4 ./Core/Src/main.o
                0x200001b4                TxMailbox
 .bss.contactor
                0x200001b8        0x1 ./Core/Src/main.o
                0x200001b8                contactor
 .bss.plugged   0x200001b9        0x1 ./Core/Src/main.o
                0x200001b9                plugged
 .bss.SOC       0x200001ba        0x1 ./Core/Src/main.o
                0x200001ba                SOC
 *fill*         0x200001bb        0x1 
 .bss.current   0x200001bc        0x4 ./Core/Src/main.o
                0x200001bc                current
 .bss.thmax     0x200001c0        0x1 ./Core/Src/main.o
                0x200001c0                thmax
 *fill*         0x200001c1        0x3 
 .bss.chargekw  0x200001c4        0x4 ./Core/Src/main.o
                0x200001c4                chargekw
 .bss.voltage   0x200001c8        0x4 ./Core/Src/main.o
                0x200001c8                voltage
 .bss.inverter_traction_enable
                0x200001cc        0x1 ./Core/Src/main.o
                0x200001cc                inverter_traction_enable
 .bss.inverter_forward
                0x200001cd        0x1 ./Core/Src/main.o
                0x200001cd                inverter_forward
 .bss.inverter_reverse
                0x200001ce        0x1 ./Core/Src/main.o
                0x200001ce                inverter_reverse
 .bss.inverter_torque_limit
                0x200001cf        0x1 ./Core/Src/main.o
                0x200001cf                inverter_torque_limit
 .bss.inverter_profile2
                0x200001d0        0x1 ./Core/Src/main.o
                0x200001d0                inverter_profile2
 .bss.inverter_profile3
                0x200001d1        0x1 ./Core/Src/main.o
                0x200001d1                inverter_profile3
 *fill*         0x200001d2        0x2 
 .bss.lastBMSMsg
                0x200001d4        0x4 ./Core/Src/main.o
                0x200001d4                lastBMSMsg
 .bss.lastDispUpdate
                0x200001d8        0x4 ./Core/Src/main.o
                0x200001d8                lastDispUpdate
 .bss.lastDispError
                0x200001dc        0x4 ./Core/Src/main.o
                0x200001dc                lastDispError
 .bss.inverter_brake_active
                0x200001e0        0x1 ./Core/Src/main.o
                0x200001e0                inverter_brake_active
 .bss.inverter_throttle_active
                0x200001e1        0x1 ./Core/Src/main.o
                0x200001e1                inverter_throttle_active
 .bss.inverter_motor_rpm
                0x200001e2        0x2 ./Core/Src/main.o
                0x200001e2                inverter_motor_rpm
 .bss.inverter_motor_temp
                0x200001e4        0x2 ./Core/Src/main.o
                0x200001e4                inverter_motor_temp
 .bss.inverter_inverter_temp
                0x200001e6        0x2 ./Core/Src/main.o
                0x200001e6                inverter_inverter_temp
 .bss.last156MsgTime
                0x200001e8        0x4 ./Core/Src/main.o
                0x200001e8                last156MsgTime
 .bss.lastReversePress
                0x200001ec        0x4 ./Core/Src/main.o
                0x200001ec                lastReversePress
 .bss.lastHeaterPress
                0x200001f0        0x4 ./Core/Src/main.o
                0x200001f0                lastHeaterPress
 .bss.heaterState
                0x200001f4        0x1 ./Core/Src/main.o
                0x200001f4                heaterState
 *fill*         0x200001f5        0x3 
 .bss.uwTick    0x200001f8        0x4 ./Drivers/STM32F1xx_HAL_Driver/Src/stm32f1xx_hal.o
                0x200001f8                uwTick
 *(COMMON)
                0x200001fc                        . = ALIGN (0x4)
                0x200001fc                        _ebss = .
                0x200001fc                        __bss_end__ = _ebss

._user_heap_stack
                0x200001fc      0x604 load address 0x08005dc8
                0x20000200                        . = ALIGN (0x8)
 *fill*         0x200001fc        0x4 
                [!provide]                        PROVIDE (end = .)
                0x20000200                        PROVIDE (_end = .)
                0x20000400                        . = (. + _Min_Heap_Size)
 *fill*         0x20000200      0x200 
                0x20000800                        . = (. + _Min_Stack_Size)
 *fill*         0x20000400      0x400 
                0x20000800                        . = ALIGN (0x8)

/DISCARD/
 libc.a(*)
 libm.a(*)
 libgcc.a(*)

.ARM.attributes
                0x00000000       0x29
 *(.ARM.attributes)
 .ARM.attributes
                0x00000000       0x1d C:/ST/STM32CubeIDE_1.17.0/STM32CubeIDE/plugins/com.st.stm32cube.ide.mcu.externaltools.gnu-tools-for-stm32.12.3.rel1.win32_1.1.0.202410251130/tools/bin/../lib/gcc/arm-none-eabi/12.3.1/thumb/v7-m/nofp/crti.o
 .ARM.attributes
                0x0000001d       0x2d C:/ST/STM32CubeIDE_1.17.0/STM32CubeIDE/plugins/com.st.stm32cube.ide.mcu.externaltools.gnu-tools-for-stm32.12.3.rel1.win32_1.1.0.202410251130/tools/bin/../lib/gcc/arm-none-eabi/12.3.1/thumb/v7-m/nofp/crtbegin.o
 .ARM.attributes
                0x0000004a       0x2d ./Core/Src/display_utils.o
 .ARM.attributes
                0x00000077       0x2d ./Core/Src/main.o
 .ARM.attributes
                0x000000a4       0x2d ./Core/Src/stm32f1xx_hal_msp.o
 .ARM.attributes
                0x000000d1       0x2d ./Core/Src/stm32f1xx_it.o
 .ARM.attributes
                0x000000fe       0x2d ./Core/Src/system_stm32f1xx.o
 .ARM.attributes
                0x0000012b       0x21 ./Core/Startup/startup_stm32f103rbtx.o
 .ARM.attributes
                0x0000014c       0x2d ./Drivers/STM32F1xx_HAL_Driver/Src/stm32f1xx_hal.o
 .ARM.attributes
                0x00000179       0x2d ./Drivers/STM32F1xx_HAL_Driver/Src/stm32f1xx_hal_can.o
 .ARM.attributes
                0x000001a6       0x2d ./Drivers/STM32F1xx_HAL_Driver/Src/stm32f1xx_hal_cortex.o
 .ARM.attributes
                0x000001d3       0x2d ./Drivers/STM32F1xx_HAL_Driver/Src/stm32f1xx_hal_dma.o
 .ARM.attributes
                0x00000200       0x2d ./Drivers/STM32F1xx_HAL_Driver/Src/stm32f1xx_hal_gpio.o
 .ARM.attributes
                0x0000022d       0x2d ./Drivers/STM32F1xx_HAL_Driver/Src/stm32f1xx_hal_rcc.o
 .ARM.attributes
                0x0000025a       0x2d ./Drivers/STM32F1xx_HAL_Driver/Src/stm32f1xx_hal_tim.o
 .ARM.attributes
                0x00000287       0x2d ./Drivers/STM32F1xx_HAL_Driver/Src/stm32f1xx_hal_tim_ex.o
 .ARM.attributes
                0x000002b4       0x2d ./Drivers/STM32F1xx_HAL_Driver/Src/stm32f1xx_hal_uart.o
 .ARM.attributes
                0x000002e1       0x2d C:/ST/STM32CubeIDE_1.17.0/STM32CubeIDE/plugins/com.st.stm32cube.ide.mcu.externaltools.gnu-tools-for-stm32.12.3.rel1.win32_1.1.0.202410251130/tools/bin/../lib/gcc/arm-none-eabi/12.3.1/../../../../arm-none-eabi/lib/thumb/v7-m/nofp\libc_nano.a(libc_a-memset.o)
 .ARM.attributes
                0x0000030e       0x2d C:/ST/STM32CubeIDE_1.17.0/STM32CubeIDE/plugins/com.st.stm32cube.ide.mcu.externaltools.gnu-tools-for-stm32.12.3.rel1.win32_1.1.0.202410251130/tools/bin/../lib/gcc/arm-none-eabi/12.3.1/../../../../arm-none-eabi/lib/thumb/v7-m/nofp\libc_nano.a(libc_a-init.o)
 .ARM.attributes
                0x0000033b       0x2d C:/ST/STM32CubeIDE_1.17.0/STM32CubeIDE/plugins/com.st.stm32cube.ide.mcu.externaltools.gnu-tools-for-stm32.12.3.rel1.win32_1.1.0.202410251130/tools/bin/../lib/gcc/arm-none-eabi/12.3.1/../../../../arm-none-eabi/lib/thumb/v7-m/nofp\libc_nano.a(libc_a-memcpy-stub.o)
 .ARM.attributes
                0x00000368       0x1d C:/ST/STM32CubeIDE_1.17.0/STM32CubeIDE/plugins/com.st.stm32cube.ide.mcu.externaltools.gnu-tools-for-stm32.12.3.rel1.win32_1.1.0.202410251130/tools/bin/../lib/gcc/arm-none-eabi/12.3.1/thumb/v7-m/nofp\libgcc.a(_arm_addsubsf3.o)
 .ARM.attributes
                0x00000385       0x1d C:/ST/STM32CubeIDE_1.17.0/STM32CubeIDE/plugins/com.st.stm32cube.ide.mcu.externaltools.gnu-tools-for-stm32.12.3.rel1.win32_1.1.0.202410251130/tools/bin/../lib/gcc/arm-none-eabi/12.3.1/thumb/v7-m/nofp\libgcc.a(_arm_muldivsf3.o)
 .ARM.attributes
                0x000003a2       0x1d C:/ST/STM32CubeIDE_1.17.0/STM32CubeIDE/plugins/com.st.stm32cube.ide.mcu.externaltools.gnu-tools-for-stm32.12.3.rel1.win32_1.1.0.202410251130/tools/bin/../lib/gcc/arm-none-eabi/12.3.1/thumb/v7-m/nofp\libgcc.a(_arm_cmpsf2.o)
 .ARM.attributes
                0x000003bf       0x1d C:/ST/STM32CubeIDE_1.17.0/STM32CubeIDE/plugins/com.st.stm32cube.ide.mcu.externaltools.gnu-tools-for-stm32.12.3.rel1.win32_1.1.0.202410251130/tools/bin/../lib/gcc/arm-none-eabi/12.3.1/thumb/v7-m/nofp\libgcc.a(_arm_fixunssfsi.o)
 .ARM.attributes
                0x000003dc       0x1d C:/ST/STM32CubeIDE_1.17.0/STM32CubeIDE/plugins/com.st.stm32cube.ide.mcu.externaltools.gnu-tools-for-stm32.12.3.rel1.win32_1.1.0.202410251130/tools/bin/../lib/gcc/arm-none-eabi/12.3.1/thumb/v7-m/nofp/crtn.o
OUTPUT(Beetle_Front.elf elf32-littlearm)
LOAD linker stubs
LOAD C:/ST/STM32CubeIDE_1.17.0/STM32CubeIDE/plugins/com.st.stm32cube.ide.mcu.externaltools.gnu-tools-for-stm32.12.3.rel1.win32_1.1.0.202410251130/tools/bin/../lib/gcc/arm-none-eabi/12.3.1/../../../../arm-none-eabi/lib/thumb/v7-m/nofp\libc.a
LOAD C:/ST/STM32CubeIDE_1.17.0/STM32CubeIDE/plugins/com.st.stm32cube.ide.mcu.externaltools.gnu-tools-for-stm32.12.3.rel1.win32_1.1.0.202410251130/tools/bin/../lib/gcc/arm-none-eabi/12.3.1/../../../../arm-none-eabi/lib/thumb/v7-m/nofp\libm.a
LOAD C:/ST/STM32CubeIDE_1.17.0/STM32CubeIDE/plugins/com.st.stm32cube.ide.mcu.externaltools.gnu-tools-for-stm32.12.3.rel1.win32_1.1.0.202410251130/tools/bin/../lib/gcc/arm-none-eabi/12.3.1/thumb/v7-m/nofp\libgcc.a

.debug_info     0x00000000     0xeb73
 .debug_info    0x00000000      0xb02 ./Core/Src/display_utils.o
 .debug_info    0x00000b02     0x1ca8 ./Core/Src/main.o
 .debug_info    0x000027aa     0x1237 ./Core/Src/stm32f1xx_hal_msp.o
 .debug_info    0x000039e1      0xd6f ./Core/Src/stm32f1xx_it.o
 .debug_info    0x00004750      0x222 ./Core/Src/system_stm32f1xx.o
 .debug_info    0x00004972       0x30 ./Core/Startup/startup_stm32f103rbtx.o
 .debug_info    0x000049a2      0x704 ./Drivers/STM32F1xx_HAL_Driver/Src/stm32f1xx_hal.o
 .debug_info    0x000050a6      0xf13 ./Drivers/STM32F1xx_HAL_Driver/Src/stm32f1xx_hal_can.o
 .debug_info    0x00005fb9      0xa87 ./Drivers/STM32F1xx_HAL_Driver/Src/stm32f1xx_hal_cortex.o
 .debug_info    0x00006a40      0x6d2 ./Drivers/STM32F1xx_HAL_Driver/Src/stm32f1xx_hal_dma.o
 .debug_info    0x00007112      0x5ab ./Drivers/STM32F1xx_HAL_Driver/Src/stm32f1xx_hal_gpio.o
 .debug_info    0x000076bd      0x7d5 ./Drivers/STM32F1xx_HAL_Driver/Src/stm32f1xx_hal_rcc.o
 .debug_info    0x00007e92     0x2959 ./Drivers/STM32F1xx_HAL_Driver/Src/stm32f1xx_hal_tim.o
 .debug_info    0x0000a7eb     0x149b ./Drivers/STM32F1xx_HAL_Driver/Src/stm32f1xx_hal_tim_ex.o
 .debug_info    0x0000bc86     0x2eed ./Drivers/STM32F1xx_HAL_Driver/Src/stm32f1xx_hal_uart.o

.debug_abbrev   0x00000000     0x2180
 .debug_abbrev  0x00000000      0x257 ./Core/Src/display_utils.o
 .debug_abbrev  0x00000257      0x379 ./Core/Src/main.o
 .debug_abbrev  0x000005d0      0x29f ./Core/Src/stm32f1xx_hal_msp.o
 .debug_abbrev  0x0000086f      0x220 ./Core/Src/stm32f1xx_it.o
 .debug_abbrev  0x00000a8f      0x13f ./Core/Src/system_stm32f1xx.o
 .debug_abbrev  0x00000bce       0x24 ./Core/Startup/startup_stm32f103rbtx.o
 .debug_abbrev  0x00000bf2      0x201 ./Drivers/STM32F1xx_HAL_Driver/Src/stm32f1xx_hal.o
 .debug_abbrev  0x00000df3      0x21c ./Drivers/STM32F1xx_HAL_Driver/Src/stm32f1xx_hal_can.o
 .debug_abbrev  0x0000100f      0x2f8 ./Drivers/STM32F1xx_HAL_Driver/Src/stm32f1xx_hal_cortex.o
 .debug_abbrev  0x00001307      0x20b ./Drivers/STM32F1xx_HAL_Driver/Src/stm32f1xx_hal_dma.o
 .debug_abbrev  0x00001512      0x1ca ./Drivers/STM32F1xx_HAL_Driver/Src/stm32f1xx_hal_gpio.o
 .debug_abbrev  0x000016dc      0x2b3 ./Drivers/STM32F1xx_HAL_Driver/Src/stm32f1xx_hal_rcc.o
 .debug_abbrev  0x0000198f      0x277 ./Drivers/STM32F1xx_HAL_Driver/Src/stm32f1xx_hal_tim.o
 .debug_abbrev  0x00001c06      0x282 ./Drivers/STM32F1xx_HAL_Driver/Src/stm32f1xx_hal_tim_ex.o
 .debug_abbrev  0x00001e88      0x2f8 ./Drivers/STM32F1xx_HAL_Driver/Src/stm32f1xx_hal_uart.o

.debug_aranges  0x00000000      0xde8
 .debug_aranges
                0x00000000       0x78 ./Core/Src/display_utils.o
 .debug_aranges
                0x00000078       0x88 ./Core/Src/main.o
 .debug_aranges
                0x00000100       0x50 ./Core/Src/stm32f1xx_hal_msp.o
 .debug_aranges
                0x00000150       0x88 ./Core/Src/stm32f1xx_it.o
 .debug_aranges
                0x000001d8       0x28 ./Core/Src/system_stm32f1xx.o
 .debug_aranges
                0x00000200       0x28 ./Core/Startup/startup_stm32f103rbtx.o
 .debug_aranges
                0x00000228       0xe0 ./Drivers/STM32F1xx_HAL_Driver/Src/stm32f1xx_hal.o
 .debug_aranges
                0x00000308      0x138 ./Drivers/STM32F1xx_HAL_Driver/Src/stm32f1xx_hal_can.o
 .debug_aranges
                0x00000440      0x100 ./Drivers/STM32F1xx_HAL_Driver/Src/stm32f1xx_hal_cortex.o
 .debug_aranges
                0x00000540       0x80 ./Drivers/STM32F1xx_HAL_Driver/Src/stm32f1xx_hal_dma.o
 .debug_aranges
                0x000005c0       0x58 ./Drivers/STM32F1xx_HAL_Driver/Src/stm32f1xx_hal_gpio.o
 .debug_aranges
                0x00000618       0x90 ./Drivers/STM32F1xx_HAL_Driver/Src/stm32f1xx_hal_rcc.o
 .debug_aranges
                0x000006a8      0x3d0 ./Drivers/STM32F1xx_HAL_Driver/Src/stm32f1xx_hal_tim.o
 .debug_aranges
                0x00000a78      0x168 ./Drivers/STM32F1xx_HAL_Driver/Src/stm32f1xx_hal_tim_ex.o
 .debug_aranges
                0x00000be0      0x208 ./Drivers/STM32F1xx_HAL_Driver/Src/stm32f1xx_hal_uart.o

.debug_rnglists
                0x00000000      0xb04
 .debug_rnglists
                0x00000000       0x5c ./Core/Src/display_utils.o
 .debug_rnglists
                0x0000005c       0x86 ./Core/Src/main.o
 .debug_rnglists
                0x000000e2       0x39 ./Core/Src/stm32f1xx_hal_msp.o
 .debug_rnglists
                0x0000011b       0x61 ./Core/Src/stm32f1xx_it.o
 .debug_rnglists
                0x0000017c       0x1a ./Core/Src/system_stm32f1xx.o
 .debug_rnglists
                0x00000196       0x19 ./Core/Startup/startup_stm32f103rbtx.o
 .debug_rnglists
                0x000001af       0xa3 ./Drivers/STM32F1xx_HAL_Driver/Src/stm32f1xx_hal.o
 .debug_rnglists
                0x00000252       0xed ./Drivers/STM32F1xx_HAL_Driver/Src/stm32f1xx_hal_can.o
 .debug_rnglists
                0x0000033f       0xbb ./Drivers/STM32F1xx_HAL_Driver/Src/stm32f1xx_hal_cortex.o
 .debug_rnglists
                0x000003fa       0x64 ./Drivers/STM32F1xx_HAL_Driver/Src/stm32f1xx_hal_dma.o
 .debug_rnglists
                0x0000045e       0x3f ./Drivers/STM32F1xx_HAL_Driver/Src/stm32f1xx_hal_gpio.o
 .debug_rnglists
                0x0000049d       0x6c ./Drivers/STM32F1xx_HAL_Driver/Src/stm32f1xx_hal_rcc.o
 .debug_rnglists
                0x00000509      0x31a ./Drivers/STM32F1xx_HAL_Driver/Src/stm32f1xx_hal_tim.o
 .debug_rnglists
                0x00000823      0x125 ./Drivers/STM32F1xx_HAL_Driver/Src/stm32f1xx_hal_tim_ex.o
 .debug_rnglists
                0x00000948      0x1bc ./Drivers/STM32F1xx_HAL_Driver/Src/stm32f1xx_hal_uart.o

.debug_macro    0x00000000    0x1817a
 .debug_macro   0x00000000      0x2b2 ./Core/Src/display_utils.o
 .debug_macro   0x000002b2      0xaa8 ./Core/Src/display_utils.o
 .debug_macro   0x00000d5a      0x227 ./Core/Src/display_utils.o
 .debug_macro   0x00000f81       0x2e ./Core/Src/display_utils.o
 .debug_macro   0x00000faf       0x22 ./Core/Src/display_utils.o
 .debug_macro   0x00000fd1       0x22 ./Core/Src/display_utils.o
 .debug_macro   0x00000ff3       0x8e ./Core/Src/display_utils.o
 .debug_macro   0x00001081       0x51 ./Core/Src/display_utils.o
 .debug_macro   0x000010d2      0x103 ./Core/Src/display_utils.o
 .debug_macro   0x000011d5       0x6a ./Core/Src/display_utils.o
 .debug_macro   0x0000123f      0x1df ./Core/Src/display_utils.o
 .debug_macro   0x0000141e       0x1c ./Core/Src/display_utils.o
 .debug_macro   0x0000143a       0x22 ./Core/Src/display_utils.o
 .debug_macro   0x0000145c       0xbd ./Core/Src/display_utils.o
 .debug_macro   0x00001519      0xd23 ./Core/Src/display_utils.o
 .debug_macro   0x0000223c     0xe09e ./Core/Src/display_utils.o
 .debug_macro   0x000102da       0x6d ./Core/Src/display_utils.o
 .debug_macro   0x00010347     0x34a2 ./Core/Src/display_utils.o
 .debug_macro   0x000137e9      0x189 ./Core/Src/display_utils.o
 .debug_macro   0x00013972       0x5c ./Core/Src/display_utils.o
 .debug_macro   0x000139ce      0x5bc ./Core/Src/display_utils.o
 .debug_macro   0x00013f8a      0x289 ./Core/Src/display_utils.o
 .debug_macro   0x00014213      0x1cb ./Core/Src/display_utils.o
 .debug_macro   0x000143de      0x114 ./Core/Src/display_utils.o
 .debug_macro   0x000144f2      0x1b2 ./Core/Src/display_utils.o
 .debug_macro   0x000146a4       0x27 ./Core/Src/display_utils.o
 .debug_macro   0x000146cb      0x136 ./Core/Src/display_utils.o
 .debug_macro   0x00014801      0x1bc ./Core/Src/display_utils.o
 .debug_macro   0x000149bd       0x34 ./Core/Src/display_utils.o
 .debug_macro   0x000149f1       0x3c ./Core/Src/display_utils.o
 .debug_macro   0x00014a2d      0x408 ./Core/Src/display_utils.o
 .debug_macro   0x00014e35       0x57 ./Core/Src/display_utils.o
 .debug_macro   0x00014e8c       0x87 ./Core/Src/display_utils.o
 .debug_macro   0x00014f13      0x240 ./Core/Src/display_utils.o
 .debug_macro   0x00015153      0x140 ./Core/Src/display_utils.o
 .debug_macro   0x00015293      0x8ed ./Core/Src/display_utils.o
 .debug_macro   0x00015b80      0x28e ./Core/Src/display_utils.o
 .debug_macro   0x00015e0e       0x83 ./Core/Src/display_utils.o
 .debug_macro   0x00015e91      0x172 ./Core/Src/display_utils.o
 .debug_macro   0x00016003       0x61 ./Core/Src/display_utils.o
 .debug_macro   0x00016064       0x24 ./Core/Src/display_utils.o
 .debug_macro   0x00016088       0x43 ./Core/Src/display_utils.o
 .debug_macro   0x000160cb       0x34 ./Core/Src/display_utils.o
 .debug_macro   0x000160ff       0x16 ./Core/Src/display_utils.o
 .debug_macro   0x00016115       0x43 ./Core/Src/display_utils.o
 .debug_macro   0x00016158       0x34 ./Core/Src/display_utils.o
 .debug_macro   0x0001618c       0x10 ./Core/Src/display_utils.o
 .debug_macro   0x0001619c       0x58 ./Core/Src/display_utils.o
 .debug_macro   0x000161f4       0x8e ./Core/Src/display_utils.o
 .debug_macro   0x00016282       0x1c ./Core/Src/display_utils.o
 .debug_macro   0x0001629e      0x177 ./Core/Src/display_utils.o
 .debug_macro   0x00016415      0x369 ./Core/Src/display_utils.o
 .debug_macro   0x0001677e       0x10 ./Core/Src/display_utils.o
 .debug_macro   0x0001678e       0x35 ./Core/Src/display_utils.o
 .debug_macro   0x000167c3       0x20 ./Core/Src/display_utils.o
 .debug_macro   0x000167e3       0x22 ./Core/Src/display_utils.o
 .debug_macro   0x00016805      0x2db ./Core/Src/main.o
 .debug_macro   0x00016ae0       0x1c ./Core/Src/main.o
 .debug_macro   0x00016afc       0x10 ./Core/Src/main.o
 .debug_macro   0x00016b0c       0x1c ./Core/Src/main.o
 .debug_macro   0x00016b28       0x16 ./Core/Src/main.o
 .debug_macro   0x00016b3e      0x146 ./Core/Src/main.o
 .debug_macro   0x00016c84      0x1bc ./Core/Src/stm32f1xx_hal_msp.o
 .debug_macro   0x00016e40      0x1c6 ./Core/Src/stm32f1xx_it.o
 .debug_macro   0x00017006      0x1ad ./Core/Src/system_stm32f1xx.o
 .debug_macro   0x000171b3      0x1d1 ./Drivers/STM32F1xx_HAL_Driver/Src/stm32f1xx_hal.o
 .debug_macro   0x00017384      0x1bc ./Drivers/STM32F1xx_HAL_Driver/Src/stm32f1xx_hal_can.o
 .debug_macro   0x00017540      0x1ad ./Drivers/STM32F1xx_HAL_Driver/Src/stm32f1xx_hal_cortex.o
 .debug_macro   0x000176ed      0x1ad ./Drivers/STM32F1xx_HAL_Driver/Src/stm32f1xx_hal_dma.o
 .debug_macro   0x0001789a      0x218 ./Drivers/STM32F1xx_HAL_Driver/Src/stm32f1xx_hal_gpio.o
 .debug_macro   0x00017ab2      0x1bf ./Drivers/STM32F1xx_HAL_Driver/Src/stm32f1xx_hal_rcc.o
 .debug_macro   0x00017c71      0x1ae ./Drivers/STM32F1xx_HAL_Driver/Src/stm32f1xx_hal_tim.o
 .debug_macro   0x00017e1f      0x1ad ./Drivers/STM32F1xx_HAL_Driver/Src/stm32f1xx_hal_tim_ex.o
 .debug_macro   0x00017fcc      0x1ae ./Drivers/STM32F1xx_HAL_Driver/Src/stm32f1xx_hal_uart.o

.debug_line     0x00000000     0xf86d
 .debug_line    0x00000000      0xb99 ./Core/Src/display_utils.o
 .debug_line    0x00000b99     0x105b ./Core/Src/main.o
 .debug_line    0x00001bf4      0x84e ./Core/Src/stm32f1xx_hal_msp.o
 .debug_line    0x00002442      0x84e ./Core/Src/stm32f1xx_it.o
 .debug_line    0x00002c90      0x792 ./Core/Src/system_stm32f1xx.o
 .debug_line    0x00003422       0x78 ./Core/Startup/startup_stm32f103rbtx.o
 .debug_line    0x0000349a      0x9bf ./Drivers/STM32F1xx_HAL_Driver/Src/stm32f1xx_hal.o
 .debug_line    0x00003e59     0x11a1 ./Drivers/STM32F1xx_HAL_Driver/Src/stm32f1xx_hal_can.o
 .debug_line    0x00004ffa      0xbab ./Drivers/STM32F1xx_HAL_Driver/Src/stm32f1xx_hal_cortex.o
 .debug_line    0x00005ba5      0xe18 ./Drivers/STM32F1xx_HAL_Driver/Src/stm32f1xx_hal_dma.o
 .debug_line    0x000069bd      0xa58 ./Drivers/STM32F1xx_HAL_Driver/Src/stm32f1xx_hal_gpio.o
 .debug_line    0x00007415      0xdc8 ./Drivers/STM32F1xx_HAL_Driver/Src/stm32f1xx_hal_rcc.o
 .debug_line    0x000081dd     0x34e4 ./Drivers/STM32F1xx_HAL_Driver/Src/stm32f1xx_hal_tim.o
 .debug_line    0x0000b6c1     0x190e ./Drivers/STM32F1xx_HAL_Driver/Src/stm32f1xx_hal_tim_ex.o
 .debug_line    0x0000cfcf     0x289e ./Drivers/STM32F1xx_HAL_Driver/Src/stm32f1xx_hal_uart.o

.debug_str      0x00000000    0x8d55d
 .debug_str     0x00000000    0x892fd ./Core/Src/display_utils.o
                              0x896fe (size before relaxing)
 .debug_str     0x000892fd     0x1657 ./Core/Src/main.o
                              0x8ac86 (size before relaxing)
 .debug_str     0x0008a954      0x10c ./Core/Src/stm32f1xx_hal_msp.o
                              0x86cac (size before relaxing)
 .debug_str     0x0008aa60      0x17f ./Core/Src/stm32f1xx_it.o
                              0x8695d (size before relaxing)
 .debug_str     0x0008abdf       0x7e ./Core/Src/system_stm32f1xx.o
                              0x858ac (size before relaxing)
 .debug_str     0x0008ac5d       0x44 ./Core/Startup/startup_stm32f103rbtx.o
                                 0x8a (size before relaxing)
 .debug_str     0x0008aca1      0x378 ./Drivers/STM32F1xx_HAL_Driver/Src/stm32f1xx_hal.o
                              0x85fdf (size before relaxing)
 .debug_str     0x0008b019      0x3f5 ./Drivers/STM32F1xx_HAL_Driver/Src/stm32f1xx_hal_can.o
                              0x860b4 (size before relaxing)
 .debug_str     0x0008b40e      0x26c ./Drivers/STM32F1xx_HAL_Driver/Src/stm32f1xx_hal_cortex.o
                              0x85f2b (size before relaxing)
 .debug_str     0x0008b67a      0x201 ./Drivers/STM32F1xx_HAL_Driver/Src/stm32f1xx_hal_dma.o
                              0x85c55 (size before relaxing)
 .debug_str     0x0008b87b      0x2b7 ./Drivers/STM32F1xx_HAL_Driver/Src/stm32f1xx_hal_gpio.o
                              0x85c32 (size before relaxing)
 .debug_str     0x0008bb32      0x229 ./Drivers/STM32F1xx_HAL_Driver/Src/stm32f1xx_hal_rcc.o
                              0x85cdb (size before relaxing)
 .debug_str     0x0008bd5b      0xdb3 ./Drivers/STM32F1xx_HAL_Driver/Src/stm32f1xx_hal_tim.o
                              0x86cdd (size before relaxing)
 .debug_str     0x0008cb0e      0x493 ./Drivers/STM32F1xx_HAL_Driver/Src/stm32f1xx_hal_tim_ex.o
                              0x864e9 (size before relaxing)
 .debug_str     0x0008cfa1      0x5bc ./Drivers/STM32F1xx_HAL_Driver/Src/stm32f1xx_hal_uart.o
                              0x8634c (size before relaxing)

.comment        0x00000000       0x43
 .comment       0x00000000       0x43 ./Core/Src/display_utils.o
                                 0x44 (size before relaxing)
 .comment       0x00000043       0x44 ./Core/Src/main.o
 .comment       0x00000043       0x44 ./Core/Src/stm32f1xx_hal_msp.o
 .comment       0x00000043       0x44 ./Core/Src/stm32f1xx_it.o
 .comment       0x00000043       0x44 ./Core/Src/system_stm32f1xx.o
 .comment       0x00000043       0x44 ./Drivers/STM32F1xx_HAL_Driver/Src/stm32f1xx_hal.o
 .comment       0x00000043       0x44 ./Drivers/STM32F1xx_HAL_Driver/Src/stm32f1xx_hal_can.o
 .comment       0x00000043       0x44 ./Drivers/STM32F1xx_HAL_Driver/Src/stm32f1xx_hal_cortex.o
 .comment       0x00000043       0x44 ./Drivers/STM32F1xx_HAL_Driver/Src/stm32f1xx_hal_dma.o
 .comment       0x00000043       0x44 ./Drivers/STM32F1xx_HAL_Driver/Src/stm32f1xx_hal_gpio.o
 .comment       0x00000043       0x44 ./Drivers/STM32F1xx_HAL_Driver/Src/stm32f1xx_hal_rcc.o
 .comment       0x00000043       0x44 ./Drivers/STM32F1xx_HAL_Driver/Src/stm32f1xx_hal_tim.o
 .comment       0x00000043       0x44 ./Drivers/STM32F1xx_HAL_Driver/Src/stm32f1xx_hal_tim_ex.o
 .comment       0x00000043       0x44 ./Drivers/STM32F1xx_HAL_Driver/Src/stm32f1xx_hal_uart.o

.debug_frame    0x00000000     0x3c2c
 .debug_frame   0x00000000      0x1d8 ./Core/Src/display_utils.o
 .debug_frame   0x000001d8      0x1dc ./Core/Src/main.o
 .debug_frame   0x000003b4      0x110 ./Core/Src/stm32f1xx_hal_msp.o
 .debug_frame   0x000004c4      0x190 ./Core/Src/stm32f1xx_it.o
 .debug_frame   0x00000654       0x58 ./Core/Src/system_stm32f1xx.o
 .debug_frame   0x000006ac      0x334 ./Drivers/STM32F1xx_HAL_Driver/Src/stm32f1xx_hal.o
 .debug_frame   0x000009e0      0x5a0 ./Drivers/STM32F1xx_HAL_Driver/Src/stm32f1xx_hal_can.o
 .debug_frame   0x00000f80      0x428 ./Drivers/STM32F1xx_HAL_Driver/Src/stm32f1xx_hal_cortex.o
 .debug_frame   0x000013a8      0x208 ./Drivers/STM32F1xx_HAL_Driver/Src/stm32f1xx_hal_dma.o
 .debug_frame   0x000015b0      0x14c ./Drivers/STM32F1xx_HAL_Driver/Src/stm32f1xx_hal_gpio.o
 .debug_frame   0x000016fc      0x218 ./Drivers/STM32F1xx_HAL_Driver/Src/stm32f1xx_hal_rcc.o
 .debug_frame   0x00001914     0x11b8 ./Drivers/STM32F1xx_HAL_Driver/Src/stm32f1xx_hal_tim.o
 .debug_frame   0x00002acc      0x638 ./Drivers/STM32F1xx_HAL_Driver/Src/stm32f1xx_hal_tim_ex.o
 .debug_frame   0x00003104      0x944 ./Drivers/STM32F1xx_HAL_Driver/Src/stm32f1xx_hal_uart.o
 .debug_frame   0x00003a48       0x20 C:/ST/STM32CubeIDE_1.17.0/STM32CubeIDE/plugins/com.st.stm32cube.ide.mcu.externaltools.gnu-tools-for-stm32.12.3.rel1.win32_1.1.0.202410251130/tools/bin/../lib/gcc/arm-none-eabi/12.3.1/../../../../arm-none-eabi/lib/thumb/v7-m/nofp\libc_nano.a(libc_a-memset.o)
 .debug_frame   0x00003a68       0x2c C:/ST/STM32CubeIDE_1.17.0/STM32CubeIDE/plugins/com.st.stm32cube.ide.mcu.externaltools.gnu-tools-for-stm32.12.3.rel1.win32_1.1.0.202410251130/tools/bin/../lib/gcc/arm-none-eabi/12.3.1/../../../../arm-none-eabi/lib/thumb/v7-m/nofp\libc_nano.a(libc_a-init.o)
 .debug_frame   0x00003a94       0x28 C:/ST/STM32CubeIDE_1.17.0/STM32CubeIDE/plugins/com.st.stm32cube.ide.mcu.externaltools.gnu-tools-for-stm32.12.3.rel1.win32_1.1.0.202410251130/tools/bin/../lib/gcc/arm-none-eabi/12.3.1/../../../../arm-none-eabi/lib/thumb/v7-m/nofp\libc_nano.a(libc_a-memcpy-stub.o)
 .debug_frame   0x00003abc       0x4c C:/ST/STM32CubeIDE_1.17.0/STM32CubeIDE/plugins/com.st.stm32cube.ide.mcu.externaltools.gnu-tools-for-stm32.12.3.rel1.win32_1.1.0.202410251130/tools/bin/../lib/gcc/arm-none-eabi/12.3.1/thumb/v7-m/nofp\libgcc.a(_arm_addsubsf3.o)
 .debug_frame   0x00003b08       0x38 C:/ST/STM32CubeIDE_1.17.0/STM32CubeIDE/plugins/com.st.stm32cube.ide.mcu.externaltools.gnu-tools-for-stm32.12.3.rel1.win32_1.1.0.202410251130/tools/bin/../lib/gcc/arm-none-eabi/12.3.1/thumb/v7-m/nofp\libgcc.a(_arm_muldivsf3.o)
 .debug_frame   0x00003b40       0xc8 C:/ST/STM32CubeIDE_1.17.0/STM32CubeIDE/plugins/com.st.stm32cube.ide.mcu.externaltools.gnu-tools-for-stm32.12.3.rel1.win32_1.1.0.202410251130/tools/bin/../lib/gcc/arm-none-eabi/12.3.1/thumb/v7-m/nofp\libgcc.a(_arm_cmpsf2.o)
 .debug_frame   0x00003c08       0x24 C:/ST/STM32CubeIDE_1.17.0/STM32CubeIDE/plugins/com.st.stm32cube.ide.mcu.externaltools.gnu-tools-for-stm32.12.3.rel1.win32_1.1.0.202410251130/tools/bin/../lib/gcc/arm-none-eabi/12.3.1/thumb/v7-m/nofp\libgcc.a(_arm_fixunssfsi.o)

.debug_line_str
                0x00000000       0x6e
 .debug_line_str
                0x00000000       0x6e ./Core/Startup/startup_stm32f103rbtx.o
