11:53:19 **** Incremental Build of configuration Debug for project Beetle_Front ****
make -j12 all 
arm-none-eabi-gcc "../Core/Src/display_utils.c" -mcpu=cortex-m3 -std=gnu11 -g3 -DDEBUG -DUSE_HAL_DRIVER -DSTM32F103xB -c -I../Core/Inc -I../Drivers/STM32F1xx_HAL_Driver/Inc -I../Drivers/STM32F1xx_HAL_Driver/Inc/Legacy -I../Drivers/CMSIS/Device/ST/STM32F1xx/Include -I../Drivers/CMSIS/Include -O0 -ffunction-sections -fdata-sections -Wall -fstack-usage -fcyclomatic-complexity -MMD -MP -MF"Core/Src/display_utils.d" -MT"Core/Src/display_utils.o" --specs=nano.specs -mfloat-abi=soft -mthumb -o "Core/Src/display_utils.o"
../Core/Src/display_utils.c: In function 'set_current':
../Core/Src/display_utils.c:117:19: warning: implicit declaration of function 'fabsf' [-Wimplicit-function-declaration]
  117 |         current = fabsf(current);
      |                   ^~~~~
../Core/Src/display_utils.c:3:1: note: include '<math.h>' or provide a declaration of 'fabsf'
    2 | #include <stdbool.h>
  +++ |+#include <math.h>
    3 | 
../Core/Src/display_utils.c:117:19: warning: incompatible implicit declaration of built-in function 'fabsf' [-Wbuiltin-declaration-mismatch]
  117 |         current = fabsf(current);
      |                   ^~~~~
../Core/Src/display_utils.c:117:19: note: include '<math.h>' or provide a declaration of 'fabsf'
../Core/Src/display_utils.c: In function 'set_current_bar':
../Core/Src/display_utils.c:192:27: warning: implicit declaration of function 'abs' [-Wimplicit-function-declaration]
  192 |         write_two(0x1590, abs(bar_value - 100));
      |                           ^~~
../Core/Src/display_utils.c:3:1: note: include '<stdlib.h>' or provide a declaration of 'abs'
    2 | #include <stdbool.h>
  +++ |+#include <stdlib.h>
    3 | 
arm-none-eabi-gcc -o "Beetle_Front.elf" @"objects.list"   -mcpu=cortex-m3 -T"X:\Documents\Universiteit\BeetleEV\STM32 Workspace\Beetle_Front\STM32F103RBTX_FLASH.ld" --specs=nosys.specs -Wl,-Map="Beetle_Front.map" -Wl,--gc-sections -static --specs=nano.specs -mfloat-abi=soft -mthumb -Wl,--start-group -lc -lm -Wl,--end-group
Finished building target: Beetle_Front.elf
 
arm-none-eabi-size  Beetle_Front.elf 
arm-none-eabi-objdump -h -S Beetle_Front.elf  > "Beetle_Front.list"
   text	   data	    bss	    dec	    hex	filename
  23968	     40	   2008	  26016	   65a0	Beetle_Front.elf
Finished building: default.size.stdout
 
Finished building: Beetle_Front.list
 

11:53:20 Build Finished. 0 errors, 3 warnings. (took 959ms)

